Program Version,EnergyPlus, Version 25.1.0-1c11a3d85f, YMD=2026.05.26 12:41,
   ** Warning ** ProcessScheduleInput: Schedule:Day:Interval = L01-101_LBBYCOMLPTHP TARGET SHW TEMP DEFAULT DAY
   **   ~~~   ** Schedule Type Limits Name is empty.
   **   ~~~   ** Schedule will not be validated.
   ** Warning ** ProcessScheduleInput: Schedule:Day:Interval = L01-102_OFCECOMLPTHP TARGET SHW TEMP DEFAULT DAY
   **   ~~~   ** Schedule Type Limits Name is empty.
   **   ~~~   ** Schedule will not be validated.
   ** Warning ** ProcessScheduleInput: Schedule:Day:Interval = L01-103_ASTOCOMLINCD TARGET SHW TEMP DEFAULT DAY
   **   ~~~   ** Schedule Type Limits Name is empty.
   **   ~~~   ** Schedule will not be validated.
   ** Warning ** ProcessScheduleInput: Schedule:Day:Interval = L01-105_ISTOCOMLUNCD TARGET SHW TEMP DEFAULT DAY
   **   ~~~   ** Schedule Type Limits Name is empty.
   **   ~~~   ** Schedule will not be validated.
   ** Warning ** ProcessScheduleInput: Schedule:Day:Interval = L02-201B_UTILCOMLINCD TARGET SHW TEMP DEFAULT DAY
   **   ~~~   ** Schedule Type Limits Name is empty.
   **   ~~~   ** Schedule will not be validated.
   ** Warning ** ProcessScheduleInput: Schedule:Day:Interval = L02-202_OFCECOMLPTHP TARGET SHW TEMP DEFAULT DAY
   **   ~~~   ** Schedule Type Limits Name is empty.
   **   ~~~   ** Schedule will not be validated.
   ** Warning ** ProcessScheduleInput: Schedule:Day:Interval = L02-203_BRKRCOMLPTHP TARGET SHW TEMP DEFAULT DAY
   **   ~~~   ** Schedule Type Limits Name is empty.
   **   ~~~   ** Schedule will not be validated.
   ** Warning ** ProcessScheduleInput: Schedule:Day:Interval = L02-204_FITNCOMLPTHP TARGET SHW TEMP DEFAULT DAY
   **   ~~~   ** Schedule Type Limits Name is empty.
   **   ~~~   ** Schedule will not be validated.
   ** Warning ** ProcessScheduleInput: Schedule:Day:Interval = L02-205_ASTOCOMLINCD TARGET SHW TEMP DEFAULT DAY
   **   ~~~   ** Schedule Type Limits Name is empty.
   **   ~~~   ** Schedule will not be validated.
   ** Warning ** ProcessScheduleInput: Schedule:Day:Interval = L02-206_MPRPCOMLPTHP TARGET SHW TEMP DEFAULT DAY
   **   ~~~   ** Schedule Type Limits Name is empty.
   **   ~~~   ** Schedule will not be validated.
   ** Warning ** ProcessScheduleInput: Schedule:Day:Interval = L02-207_UTILCOMLINCD TARGET SHW TEMP DEFAULT DAY
   **   ~~~   ** Schedule Type Limits Name is empty.
   **   ~~~   ** Schedule will not be validated.
   ** Warning ** ProcessScheduleInput: Schedule:Day:Interval = L02-208_RESTCOMLINCD TARGET SHW TEMP DEFAULT DAY
   **   ~~~   ** Schedule Type Limits Name is empty.
   **   ~~~   ** Schedule will not be validated.
   ** Warning ** ProcessScheduleInput: Schedule:Day:Interval = L02-209_ASTOCOMLPTHP TARGET SHW TEMP DEFAULT DAY
   **   ~~~   ** Schedule Type Limits Name is empty.
   **   ~~~   ** Schedule will not be validated.
   ** Warning ** ProcessScheduleInput: Schedule:Day:Interval = L02-211_RESTCOMLINCD TARGET SHW TEMP DEFAULT DAY
   **   ~~~   ** Schedule Type Limits Name is empty.
   **   ~~~   ** Schedule will not be validated.
   ** Warning ** ProcessScheduleInput: Schedule:Day:Interval = L02-214_ASTOCOMLPTHP TARGET SHW TEMP DEFAULT DAY
   **   ~~~   ** Schedule Type Limits Name is empty.
   **   ~~~   ** Schedule will not be validated.
   ** Warning ** ProcessScheduleInput: Schedule:Day:Interval = L02-215_LNDYCOMLINCD TARGET SHW TEMP DEFAULT DAY
   **   ~~~   ** Schedule Type Limits Name is empty.
   **   ~~~   ** Schedule will not be validated.
   ** Warning ** ProcessScheduleInput: Schedule:Day:Interval = L02-216_MPRPCOMLPTHP TARGET SHW TEMP DEFAULT DAY
   **   ~~~   ** Schedule Type Limits Name is empty.
   **   ~~~   ** Schedule will not be validated.
   ** Warning ** ProcessScheduleInput: Schedule:Day:Interval = L02-217_ASTOCOMLINCD TARGET SHW TEMP DEFAULT DAY
   **   ~~~   ** Schedule Type Limits Name is empty.
   **   ~~~   ** Schedule will not be validated.
   ** Warning ** ProcessScheduleInput: Schedule:Year = L01-101_LBBYCOMLPTHP TARGET SHW TEMP
   **   ~~~   ** Schedule Type Limits Name is empty.
   **   ~~~   ** Schedule will not be validated.
   ** Warning ** ProcessScheduleInput: Schedule:Year = L01-102_OFCECOMLPTHP TARGET SHW TEMP
   **   ~~~   ** Schedule Type Limits Name is empty.
   **   ~~~   ** Schedule will not be validated.
   ** Warning ** ProcessScheduleInput: Schedule:Year = L01-103_ASTOCOMLINCD TARGET SHW TEMP
   **   ~~~   ** Schedule Type Limits Name is empty.
   **   ~~~   ** Schedule will not be validated.
   ** Warning ** ProcessScheduleInput: Schedule:Year = L01-105_ISTOCOMLUNCD TARGET SHW TEMP
   **   ~~~   ** Schedule Type Limits Name is empty.
   **   ~~~   ** Schedule will not be validated.
   ** Warning ** ProcessScheduleInput: Schedule:Year = L02-201B_UTILCOMLINCD TARGET SHW TEMP
   **   ~~~   ** Schedule Type Limits Name is empty.
   **   ~~~   ** Schedule will not be validated.
   ** Warning ** ProcessScheduleInput: Schedule:Year = L02-202_OFCECOMLPTHP TARGET SHW TEMP
   **   ~~~   ** Schedule Type Limits Name is empty.
   **   ~~~   ** Schedule will not be validated.
   ** Warning ** ProcessScheduleInput: Schedule:Year = L02-203_BRKRCOMLPTHP TARGET SHW TEMP
   **   ~~~   ** Schedule Type Limits Name is empty.
   **   ~~~   ** Schedule will not be validated.
   ** Warning ** ProcessScheduleInput: Schedule:Year = L02-204_FITNCOMLPTHP TARGET SHW TEMP
   **   ~~~   ** Schedule Type Limits Name is empty.
   **   ~~~   ** Schedule will not be validated.
   ** Warning ** ProcessScheduleInput: Schedule:Year = L02-205_ASTOCOMLINCD TARGET SHW TEMP
   **   ~~~   ** Schedule Type Limits Name is empty.
   **   ~~~   ** Schedule will not be validated.
   ** Warning ** ProcessScheduleInput: Schedule:Year = L02-206_MPRPCOMLPTHP TARGET SHW TEMP
   **   ~~~   ** Schedule Type Limits Name is empty.
   **   ~~~   ** Schedule will not be validated.
   ** Warning ** ProcessScheduleInput: Schedule:Year = L02-207_UTILCOMLINCD TARGET SHW TEMP
   **   ~~~   ** Schedule Type Limits Name is empty.
   **   ~~~   ** Schedule will not be validated.
   ** Warning ** ProcessScheduleInput: Schedule:Year = L02-208_RESTCOMLINCD TARGET SHW TEMP
   **   ~~~   ** Schedule Type Limits Name is empty.
   **   ~~~   ** Schedule will not be validated.
   ** Warning ** ProcessScheduleInput: Schedule:Year = L02-209_ASTOCOMLPTHP TARGET SHW TEMP
   **   ~~~   ** Schedule Type Limits Name is empty.
   **   ~~~   ** Schedule will not be validated.
   ** Warning ** ProcessScheduleInput: Schedule:Year = L02-211_RESTCOMLINCD TARGET SHW TEMP
   **   ~~~   ** Schedule Type Limits Name is empty.
   **   ~~~   ** Schedule will not be validated.
   ** Warning ** ProcessScheduleInput: Schedule:Year = L02-214_ASTOCOMLPTHP TARGET SHW TEMP
   **   ~~~   ** Schedule Type Limits Name is empty.
   **   ~~~   ** Schedule will not be validated.
   ** Warning ** ProcessScheduleInput: Schedule:Year = L02-215_LNDYCOMLINCD TARGET SHW TEMP
   **   ~~~   ** Schedule Type Limits Name is empty.
   **   ~~~   ** Schedule will not be validated.
   ** Warning ** ProcessScheduleInput: Schedule:Year = L02-216_MPRPCOMLPTHP TARGET SHW TEMP
   **   ~~~   ** Schedule Type Limits Name is empty.
   **   ~~~   ** Schedule will not be validated.
   ** Warning ** ProcessScheduleInput: Schedule:Year = L02-217_ASTOCOMLINCD TARGET SHW TEMP
   **   ~~~   ** Schedule Type Limits Name is empty.
   **   ~~~   ** Schedule will not be validated.
   ************* Beginning Zone Sizing Calculations
   ** Warning ** CalculateZoneVolume: 1 zone is not fully enclosed. For more details use:  Output:Diagnostics,DisplayExtrawarnings; 
   ** Warning ** CheckUsedConstructions: There are 1 nominally unused constructions in input.
   **   ~~~   ** For explicit details on each unused construction, use Output:Diagnostics,DisplayExtraWarnings;
   ** Warning ** DetermineShadowingCombinations: There are 2 surfaces which are receiving surfaces and are non-convex.
   **   ~~~   ** ...Shadowing values may be inaccurate. Check .shd report file for more surface shading details
   **   ~~~   ** ...Add Output:Diagnostics,DisplayExtraWarnings; to see individual warnings for each surface.
   ** Severe  ** DetermineShadowingCombinations: There are 1 surfaces which are casting surfaces and are non-convex.
   **   ~~~   ** ...Shadowing values may be inaccurate. Check .shd report file for more surface shading details
   **   ~~~   ** ...Add Output:Diagnostics,DisplayExtraWarnings; to see individual severes for each surface.
   ** Warning ** GetSimpleAirModelInputs: ZoneInfiltration:DesignFlowRate="L02-218_MECHCOMLPTHP SPACE INFILTRATION DESIGN FLOW RATE 1", Design Flow Rate Calculation Method specifies Flow Rate per Exterior Surface Area, but Exterior Wall Area = 0.  0 Infiltration will result.
   ************* Beginning System Sizing Calculations
   ** Warning ** ZoneHVAC:PackagedTerminalHeatPump "HP2/3"
   **   ~~~   ** ...For fan type and name = Fan:OnOff "FAN_HP2/3"
   **   ~~~   ** ...Fan power ratio function of speed ratio curve has no impact if fan volumetric flow rate is the same as the unitary system volumetric flow rate.
   **   ~~~   ** ...Fan volumetric flow rate            = 0.47195 m3/s.
   **   ~~~   ** ...Unitary system volumetric flow rate = 0.47195 m3/s.
   ** Warning ** ZoneHVAC:PackagedTerminalHeatPump "HP4"
   **   ~~~   ** ...For fan type and name = Fan:OnOff "FAN_HP-4"
   **   ~~~   ** ...Fan power ratio function of speed ratio curve has no impact if fan volumetric flow rate is the same as the unitary system volumetric flow rate.
   **   ~~~   ** ...Fan volumetric flow rate            = 0.11327 m3/s.
   **   ~~~   ** ...Unitary system volumetric flow rate = 0.11327 m3/s.
   ** Warning ** ZoneHVAC:PackagedTerminalHeatPump "HP1"
   **   ~~~   ** ...For fan type and name = Fan:OnOff "FAN_HP-1"
   **   ~~~   ** ...Fan power ratio function of speed ratio curve has no impact if fan volumetric flow rate is the same as the unitary system volumetric flow rate.
   **   ~~~   ** ...Fan volumetric flow rate            = 0.13686 m3/s.
   **   ~~~   ** ...Unitary system volumetric flow rate = 0.13686 m3/s.
   ** Warning ** GetAirPathData: AirLoopHVAC="ERV1" has no Controllers.
   ************* Beginning Plant Sizing Calculations
   ** Warning ** Calculated Relative Humidity out of range (PsyRhFnTdbWPb) 
   **   ~~~   **  Routine=SizeDXCoil Environment=SEATTLE-KING COUNTY INTL AP-B ANN HTG 99.6% CONDNS DB, at Simulation time=12/21 24:00 - 24:15
   **   ~~~   **  Dry-Bulb= 10.03 Humidity Ratio= 7.998E-003 Calculated Relative Humidity [%]= 104.54
   **   ~~~   ** Relative Humidity being reset to 100.0%
   ** Warning ** The Standard Ratings is calculated for Coil:Cooling:DX:SingleSpeed = COILCLG_HP2/3 but not at the AHRI test condition due to curve out of bound.
   **   ~~~   **  Review the Standard Ratings calculations in the Engineering Reference for this coil type. Also, use Output:Diagnostics, DisplayExtraWarnings for further guidance.
   ** Warning ** Sizing: Coil:Cooling:DX:SingleSpeed "COILCLG_HP2/3": Rated air volume flow rate per watt of rated total cooling capacity is out of range.
   **   ~~~   ** Min Rated Vol Flow Per Watt=[4.027E-005], Rated Vol Flow Per Watt=[3.445E-005], Max Rated Vol Flow Per Watt=[6.041E-005]. See Input Output Reference Manual for valid range.
   ** Warning ** The Standard Ratings is calculated for Coil:Heating:DX:SingleSpeed = COILHTG_HP2/3 but not at the AHRI test condition due to curve out of bound.
   **   ~~~   **  Review the Standard Ratings calculations in the Engineering Reference for this coil type. Also, use Output:Diagnostics, DisplayExtraWarnings for further guidance.
   ** Warning ** Sizing: Coil:Heating:DX:SingleSpeed COILHTG_HP2/3: Rated air volume flow rate per watt of rated total heating capacity is out of range.
   **   ~~~   ** Min Rated Vol Flow Per Watt=[4.027E-005], Rated Vol Flow Per Watt=[3.496E-005], Max Rated Vol Flow Per Watt=[6.041E-005]. See Input-Output Reference Manual for valid range.
   ** Warning ** The Standard Ratings is calculated for Coil:Cooling:DX:SingleSpeed = COILCLG_HP4 but not at the AHRI test condition due to curve out of bound.
   **   ~~~   **  Review the Standard Ratings calculations in the Engineering Reference for this coil type. Also, use Output:Diagnostics, DisplayExtraWarnings for further guidance.
   ** Warning ** Sizing: Coil:Cooling:DX:SingleSpeed "COILCLG_HP4": Rated air volume flow rate per watt of rated total cooling capacity is out of range.
   **   ~~~   ** Min Rated Vol Flow Per Watt=[4.027E-005], Rated Vol Flow Per Watt=[3.139E-005], Max Rated Vol Flow Per Watt=[6.041E-005]. See Input Output Reference Manual for valid range.
   ** Warning ** The Standard Ratings is calculated for Coil:Heating:DX:SingleSpeed = COILHTG_HP4 but not at the AHRI test condition due to curve out of bound.
   **   ~~~   **  Review the Standard Ratings calculations in the Engineering Reference for this coil type. Also, use Output:Diagnostics, DisplayExtraWarnings for further guidance.
   ** Warning ** The Standard Ratings is calculated for Coil:Cooling:DX:SingleSpeed = COILCLG_HP1 but not at the AHRI test condition due to curve out of bound.
   **   ~~~   **  Review the Standard Ratings calculations in the Engineering Reference for this coil type. Also, use Output:Diagnostics, DisplayExtraWarnings for further guidance.
   ** Warning ** Sizing: Coil:Cooling:DX:SingleSpeed "COILCLG_HP1": Rated air volume flow rate per watt of rated total cooling capacity is out of range.
   **   ~~~   ** Min Rated Vol Flow Per Watt=[4.027E-005], Rated Vol Flow Per Watt=[3.730E-005], Max Rated Vol Flow Per Watt=[6.041E-005]. See Input Output Reference Manual for valid range.
   ** Warning ** The Standard Ratings is calculated for Coil:Heating:DX:SingleSpeed = COILHTG_HP1 but not at the AHRI test condition due to curve out of bound.
   **   ~~~   **  Review the Standard Ratings calculations in the Engineering Reference for this coil type. Also, use Output:Diagnostics, DisplayExtraWarnings for further guidance.
   ** Warning ** Sizing: Coil:Heating:DX:SingleSpeed COILHTG_HP1: Rated air volume flow rate per watt of rated total heating capacity is out of range.
   **   ~~~   ** Min Rated Vol Flow Per Watt=[4.027E-005], Rated Vol Flow Per Watt=[3.570E-005], Max Rated Vol Flow Per Watt=[6.041E-005]. See Input-Output Reference Manual for valid range.
   ** Warning ** GetOAControllerInputs: Controller:MechanicalVentilation="OACTRL_ELECRESISTANCE+BASESYS4DX-1 MECH VENT CONTROLLER"
   **   ~~~   ** Cannot locate a matching DesignSpecification:ZoneAirDistribution object for Zone="THERMAL ZONE: L01-102_OFCECOMLPTHP".
   **   ~~~   ** Using default zone air distribution effectiveness of 1.0 for heating and cooling.
   ** Warning ** GetOAControllerInputs: Controller:MechanicalVentilation="OACTRL_ELECRESISTANCE+BASESYS4DX-2 MECH VENT CONTROLLER"
   **   ~~~   ** Cannot locate a matching DesignSpecification:ZoneAirDistribution object for Zone="THERMAL ZONE: L02-202_OFCECOMLPTHP".
   **   ~~~   ** Using default zone air distribution effectiveness of 1.0 for heating and cooling.
   ** Warning ** GetOAControllerInputs: Controller:MechanicalVentilation="OACTRL_ELECRESISTANCE+BASESYS4DX-3 MECH VENT CONTROLLER"
   **   ~~~   ** Cannot locate a matching DesignSpecification:ZoneAirDistribution object for Zone="THERMAL ZONE: L02-203_BRKRCOMLPTHP".
   **   ~~~   ** Using default zone air distribution effectiveness of 1.0 for heating and cooling.
   ** Warning ** GetOAControllerInputs: Controller:MechanicalVentilation="OACTRL_ELECRESISTANCE+BASESYS4DX-5 MECH VENT CONTROLLER"
   **   ~~~   ** Cannot locate a matching DesignSpecification:ZoneAirDistribution object for Zone="THERMAL ZONE: L02-201_CORRCOMLPTHP".
   **   ~~~   ** Using default zone air distribution effectiveness of 1.0 for heating and cooling.
   ** Warning ** GetOAControllerInputs: Controller:MechanicalVentilation="OACTRL_ELECRESISTANCE+BASESYS4DX-6 MECH VENT CONTROLLER"
   **   ~~~   ** Cannot locate a matching DesignSpecification:ZoneAirDistribution object for Zone="THERMAL ZONE: L02-206_MPRPCOMLPTHP".
   **   ~~~   ** Using default zone air distribution effectiveness of 1.0 for heating and cooling.
   ** Warning ** GetOAControllerInputs: Controller:MechanicalVentilation="OACTRL_ELECRESISTANCE+BASESYS4DX-7 MECH VENT CONTROLLER"
   **   ~~~   ** Cannot locate a matching DesignSpecification:ZoneAirDistribution object for Zone="THERMAL ZONE: L02-209_ASTOCOMLPTHP".
   **   ~~~   ** Using default zone air distribution effectiveness of 1.0 for heating and cooling.
   ** Warning ** GetOAControllerInputs: Controller:MechanicalVentilation="OACTRL_ELECRESISTANCE+BASESYS4DX-8 MECH VENT CONTROLLER"
   **   ~~~   ** Cannot locate a matching DesignSpecification:ZoneAirDistribution object for Zone="THERMAL ZONE: L02-214_ASTOCOMLPTHP".
   **   ~~~   ** Using default zone air distribution effectiveness of 1.0 for heating and cooling.
   ** Warning ** GetOAControllerInputs: Controller:MechanicalVentilation="ERV-1 OACONTROL MECH VENT CONTROLLER"
   **   ~~~   ** Cannot locate a matching DesignSpecification:ZoneAirDistribution object for Zone="THERMAL ZONE: L01-102_OFCECOMLPTHP".
   **   ~~~   ** Using default zone air distribution effectiveness of 1.0 for heating and cooling.
   ** Warning ** GetOAControllerInputs: Controller:MechanicalVentilation="ERV-1 OACONTROL MECH VENT CONTROLLER"
   **   ~~~   ** Cannot locate a matching DesignSpecification:ZoneAirDistribution object for Zone="THERMAL ZONE: L02-214_ASTOCOMLPTHP".
   **   ~~~   ** Using default zone air distribution effectiveness of 1.0 for heating and cooling.
   ** Warning ** GetOAControllerInputs: Controller:MechanicalVentilation="ERV-1 OACONTROL MECH VENT CONTROLLER"
   **   ~~~   ** Cannot locate a matching DesignSpecification:ZoneAirDistribution object for Zone="THERMAL ZONE: L02-209_ASTOCOMLPTHP".
   **   ~~~   ** Using default zone air distribution effectiveness of 1.0 for heating and cooling.
   ** Warning ** GetOAControllerInputs: Controller:MechanicalVentilation="ERV-1 OACONTROL MECH VENT CONTROLLER"
   **   ~~~   ** Cannot locate a matching DesignSpecification:ZoneAirDistribution object for Zone="THERMAL ZONE: L02-216_MPRPCOMLPTHP".
   **   ~~~   ** Using default zone air distribution effectiveness of 1.0 for heating and cooling.
   ** Warning ** GetOAControllerInputs: Controller:MechanicalVentilation="ERV-1 OACONTROL MECH VENT CONTROLLER"
   **   ~~~   ** Cannot locate a matching DesignSpecification:ZoneAirDistribution object for Zone="THERMAL ZONE: L02-206_MPRPCOMLPTHP".
   **   ~~~   ** Using default zone air distribution effectiveness of 1.0 for heating and cooling.
   ** Warning ** GetOAControllerInputs: Controller:MechanicalVentilation="ERV-1 OACONTROL MECH VENT CONTROLLER"
   **   ~~~   ** Cannot locate a matching DesignSpecification:ZoneAirDistribution object for Zone="THERMAL ZONE: L02-201_CORRCOMLPTHP".
   **   ~~~   ** Using default zone air distribution effectiveness of 1.0 for heating and cooling.
   ** Warning ** GetOAControllerInputs: Controller:MechanicalVentilation="ERV-1 OACONTROL MECH VENT CONTROLLER"
   **   ~~~   ** Cannot locate a matching DesignSpecification:ZoneAirDistribution object for Zone="THERMAL ZONE: L02-202_OFCECOMLPTHP".
   **   ~~~   ** Using default zone air distribution effectiveness of 1.0 for heating and cooling.
   ** Warning ** GetOAControllerInputs: Controller:MechanicalVentilation="ERV-1 OACONTROL MECH VENT CONTROLLER"
   **   ~~~   ** Cannot locate a matching DesignSpecification:ZoneAirDistribution object for Zone="THERMAL ZONE: L02-203_BRKRCOMLPTHP".
   **   ~~~   ** Using default zone air distribution effectiveness of 1.0 for heating and cooling.
   ** Warning ** GetOAControllerInputs: Controller:MechanicalVentilation="ERV-1 OACONTROL MECH VENT CONTROLLER"
   **   ~~~   ** Cannot locate a matching DesignSpecification:ZoneAirDistribution object for Zone="THERMAL ZONE: L02-204_FITNCOMLPTHP".
   **   ~~~   ** Using default zone air distribution effectiveness of 1.0 for heating and cooling.
   ** Warning ** The Standard Ratings is calculated for Coil:Cooling:DX:SingleSpeed = COILCLG_ELECRESISTANCE+BASESYS4DX-1 but not at the AHRI test condition due to curve out of bound.
   **   ~~~   **  Review the Standard Ratings calculations in the Engineering Reference for this coil type. Also, use Output:Diagnostics, DisplayExtraWarnings for further guidance.
   ** Warning ** The Standard Ratings is calculated for Coil:Cooling:DX:SingleSpeed = COILCLG_ELECRESISTANCE+BASESYS4DX-2 but not at the AHRI test condition due to curve out of bound.
   **   ~~~   **  Review the Standard Ratings calculations in the Engineering Reference for this coil type. Also, use Output:Diagnostics, DisplayExtraWarnings for further guidance.
   ** Warning ** The Standard Ratings is calculated for Coil:Cooling:DX:SingleSpeed = COILCLG_ELECRESISTANCE+BASESYS4DX-3 but not at the AHRI test condition due to curve out of bound.
   **   ~~~   **  Review the Standard Ratings calculations in the Engineering Reference for this coil type. Also, use Output:Diagnostics, DisplayExtraWarnings for further guidance.
   ** Warning ** The Standard Ratings is calculated for Coil:Cooling:DX:SingleSpeed = COILCLG_ELECRESISTANCE+BASESYS4DX-5 but not at the AHRI test condition due to curve out of bound.
   **   ~~~   **  Review the Standard Ratings calculations in the Engineering Reference for this coil type. Also, use Output:Diagnostics, DisplayExtraWarnings for further guidance.
   ** Warning ** The Standard Ratings is calculated for Coil:Cooling:DX:SingleSpeed = COILCLG_ELECRESISTANCE+BASESYS4DX-6 but not at the AHRI test condition due to curve out of bound.
   **   ~~~   **  Review the Standard Ratings calculations in the Engineering Reference for this coil type. Also, use Output:Diagnostics, DisplayExtraWarnings for further guidance.
   ** Warning ** The Standard Ratings is calculated for Coil:Cooling:DX:SingleSpeed = COILCLG_ELECRESISTANCE+BASESYS4DX-7 but not at the AHRI test condition due to curve out of bound.
   **   ~~~   **  Review the Standard Ratings calculations in the Engineering Reference for this coil type. Also, use Output:Diagnostics, DisplayExtraWarnings for further guidance.
   ** Warning ** The Standard Ratings is calculated for Coil:Cooling:DX:SingleSpeed = COILCLG_ELECRESISTANCE+BASESYS4DX-8 but not at the AHRI test condition due to curve out of bound.
   **   ~~~   **  Review the Standard Ratings calculations in the Engineering Reference for this coil type. Also, use Output:Diagnostics, DisplayExtraWarnings for further guidance.
   ** Warning ** Check input. Pump nominal power or motor efficiency is set to 0, for pump=WATER HEATER PUMP
   ** Warning ** Output:Meter:MeterFileOnly: invalid Key Name="CHILLERS:COAL" - not found.
   ** Warning ** Output:Meter:MeterFileOnly: invalid Key Name="CHILLERS:DISTRICTCOOLING" - not found.
   ** Warning ** Output:Meter:MeterFileOnly: invalid Key Name="CHILLERS:DISTRICTHEATINGWATER" - not found.
   ** Warning ** Output:Meter:MeterFileOnly: invalid Key Name="CHILLERS:ELECTRICITY" - not found.
   ** Warning ** Output:Meter:MeterFileOnly: invalid Key Name="CHILLERS:NATURALGAS" - not found.
   ** Warning ** Output:Meter:MeterFileOnly: invalid Key Name="COGENERATION:COAL" - not found.
   ** Warning ** Output:Meter:MeterFileOnly: invalid Key Name="COGENERATION:DISTRICTCOOLING" - not found.
   ** Warning ** Output:Meter:MeterFileOnly: invalid Key Name="COGENERATION:DISTRICTHEATINGWATER" - not found.
   ** Warning ** Output:Meter:MeterFileOnly: invalid Key Name="COGENERATION:ELECTRICITY" - not found.
   ** Warning ** Output:Meter:MeterFileOnly: invalid Key Name="COGENERATION:NATURALGAS" - not found.
   ** Warning ** Output:Meter:MeterFileOnly: invalid Key Name="COOLING:COAL" - not found.
   ** Warning ** Output:Meter:MeterFileOnly: invalid Key Name="COOLING:DISTRICTCOOLING" - not found.
   ** Warning ** Output:Meter:MeterFileOnly: invalid Key Name="COOLING:DISTRICTHEATINGWATER" - not found.
   ** Warning ** Output:Meter:MeterFileOnly: invalid Key Name="COOLING:NATURALGAS" - not found.
   ** Warning ** Output:Meter:MeterFileOnly: invalid Key Name="EXTERIOREQUIPMENT:COAL" - not found.
   ** Warning ** Output:Meter:MeterFileOnly: invalid Key Name="EXTERIOREQUIPMENT:DISTRICTCOOLING" - not found.
   ** Warning ** Output:Meter:MeterFileOnly: invalid Key Name="EXTERIOREQUIPMENT:DISTRICTHEATINGWATER" - not found.
   ** Warning ** Output:Meter:MeterFileOnly: invalid Key Name="EXTERIOREQUIPMENT:ELECTRICITY" - not found.
   ** Warning ** Output:Meter:MeterFileOnly: invalid Key Name="EXTERIOREQUIPMENT:NATURALGAS" - not found.
   ** Warning ** Output:Meter:MeterFileOnly: invalid Key Name="EXTERIORLIGHTS:COAL" - not found.
   ** Warning ** Output:Meter:MeterFileOnly: invalid Key Name="EXTERIORLIGHTS:DISTRICTCOOLING" - not found.
   ** Warning ** Output:Meter:MeterFileOnly: invalid Key Name="EXTERIORLIGHTS:DISTRICTHEATINGWATER" - not found.
   ** Warning ** Output:Meter:MeterFileOnly: invalid Key Name="EXTERIORLIGHTS:ELECTRICITY" - not found.
   ** Warning ** Output:Meter:MeterFileOnly: invalid Key Name="EXTERIORLIGHTS:NATURALGAS" - not found.
   ** Warning ** Output:Meter:MeterFileOnly: invalid Key Name="FANS:COAL" - not found.
   ** Warning ** Output:Meter:MeterFileOnly: invalid Key Name="FANS:DISTRICTCOOLING" - not found.
   ** Warning ** Output:Meter:MeterFileOnly: invalid Key Name="FANS:DISTRICTHEATINGWATER" - not found.
   ** Warning ** Output:Meter:MeterFileOnly: invalid Key Name="FANS:NATURALGAS" - not found.
   ** Warning ** Output:Meter:MeterFileOnly: invalid Key Name="HEATING:COAL" - not found.
   ** Warning ** Output:Meter:MeterFileOnly: invalid Key Name="HEATING:DISTRICTCOOLING" - not found.
   ** Warning ** Output:Meter:MeterFileOnly: invalid Key Name="HEATING:DISTRICTHEATINGWATER" - not found.
   ** Warning ** Output:Meter:MeterFileOnly: invalid Key Name="HEATING:NATURALGAS" - not found.
   ** Warning ** Output:Meter:MeterFileOnly: invalid Key Name="HEATRECOVERY:COAL" - not found.
   ** Warning ** Output:Meter:MeterFileOnly: invalid Key Name="HEATRECOVERY:DISTRICTCOOLING" - not found.
   ** Warning ** Output:Meter:MeterFileOnly: invalid Key Name="HEATRECOVERY:DISTRICTHEATINGWATER" - not found.
   ** Warning ** Output:Meter:MeterFileOnly: invalid Key Name="HEATRECOVERY:NATURALGAS" - not found.
   ** Warning ** Output:Meter:MeterFileOnly: invalid Key Name="HEATREJECTION:COAL" - not found.
   ** Warning ** Output:Meter:MeterFileOnly: invalid Key Name="HEATREJECTION:DISTRICTCOOLING" - not found.
   ** Warning ** Output:Meter:MeterFileOnly: invalid Key Name="HEATREJECTION:DISTRICTHEATINGWATER" - not found.
   ** Warning ** Output:Meter:MeterFileOnly: invalid Key Name="HEATREJECTION:ELECTRICITY" - not found.
   ** Warning ** Output:Meter:MeterFileOnly: invalid Key Name="HEATREJECTION:NATURALGAS" - not found.
   ** Warning ** Output:Meter:MeterFileOnly: invalid Key Name="HUMIDIFIER:COAL" - not found.
   ** Warning ** Output:Meter:MeterFileOnly: invalid Key Name="HUMIDIFIER:DISTRICTCOOLING" - not found.
   ** Warning ** Output:Meter:MeterFileOnly: invalid Key Name="HUMIDIFIER:DISTRICTHEATINGWATER" - not found.
   ** Warning ** Output:Meter:MeterFileOnly: invalid Key Name="HUMIDIFIER:ELECTRICITY" - not found.
   ** Warning ** Output:Meter:MeterFileOnly: invalid Key Name="HUMIDIFIER:NATURALGAS" - not found.
   ** Warning ** Output:Meter:MeterFileOnly: invalid Key Name="INTERIOREQUIPMENT:COAL" - not found.
   ** Warning ** Output:Meter:MeterFileOnly: invalid Key Name="INTERIOREQUIPMENT:DISTRICTCOOLING" - not found.
   ** Warning ** Output:Meter:MeterFileOnly: invalid Key Name="INTERIOREQUIPMENT:DISTRICTHEATINGWATER" - not found.
   ** Warning ** Output:Meter:MeterFileOnly: invalid Key Name="INTERIOREQUIPMENT:NATURALGAS" - not found.
   ** Warning ** Output:Meter:MeterFileOnly: invalid Key Name="INTERIORLIGHTS:COAL" - not found.
   ** Warning ** Output:Meter:MeterFileOnly: invalid Key Name="INTERIORLIGHTS:DISTRICTCOOLING" - not found.
   ** Warning ** Output:Meter:MeterFileOnly: invalid Key Name="INTERIORLIGHTS:DISTRICTHEATINGWATER" - not found.
   ** Warning ** Output:Meter:MeterFileOnly: invalid Key Name="INTERIORLIGHTS:NATURALGAS" - not found.
   ** Warning ** Output:Meter:MeterFileOnly: invalid Key Name="NONCOMPLIANCELTG:INTERIORLIGHTS:ELECTRICITY" - not found.
   ** Warning ** Output:Meter:MeterFileOnly: invalid Key Name="NONREG LTG:EXTERIORLIGHTS:ELECTRICITY" - not found.
   ** Warning ** Output:Meter:MeterFileOnly: invalid Key Name="PROCESS:EXTERIOREQUIPMENT:ELECTRICITY" - not found.
   ** Warning ** Output:Meter:MeterFileOnly: invalid Key Name="PROCESS:EXTERIOREQUIPMENT:NATURALGAS" - not found.
   ** Warning ** Output:Meter:MeterFileOnly: invalid Key Name="PROCESS:INTERIOREQUIPMENT:ELECTRICITY" - not found.
   ** Warning ** Output:Meter:MeterFileOnly: invalid Key Name="PROCESS:INTERIOREQUIPMENT:NATURALGAS" - not found.
   ** Warning ** Output:Meter:MeterFileOnly: invalid Key Name="PUMPS:COAL" - not found.
   ** Warning ** Output:Meter:MeterFileOnly: invalid Key Name="PUMPS:DISTRICTCOOLING" - not found.
   ** Warning ** Output:Meter:MeterFileOnly: invalid Key Name="PUMPS:DISTRICTHEATINGWATER" - not found.
   ** Warning ** Output:Meter:MeterFileOnly: invalid Key Name="PUMPS:NATURALGAS" - not found.
   ** Warning ** Output:Meter:MeterFileOnly: invalid Key Name="RECEPTACLE:EXTERIOREQUIPMENT:ELECTRICITY" - not found.
   ** Warning ** Output:Meter:MeterFileOnly: invalid Key Name="RECEPTACLE:EXTERIOREQUIPMENT:NATURALGAS" - not found.
   ** Warning ** Output:Meter:MeterFileOnly: invalid Key Name="RECEPTACLE:INTERIOREQUIPMENT:NATURALGAS" - not found.
   ** Warning ** Output:Meter:MeterFileOnly: invalid Key Name="REFRIG:EXTERIOREQUIPMENT:ELECTRICITY" - not found.
   ** Warning ** Output:Meter:MeterFileOnly: invalid Key Name="REFRIG:INTERIOREQUIPMENT:ELECTRICITY" - not found.
   ** Warning ** Output:Meter:MeterFileOnly: invalid Key Name="REFRIGERATION:COAL" - not found.
   ** Warning ** Output:Meter:MeterFileOnly: invalid Key Name="REFRIGERATION:DISTRICTCOOLING" - not found.
   ** Warning ** Output:Meter:MeterFileOnly: invalid Key Name="REFRIGERATION:DISTRICTHEATINGWATER" - not found.
   ** Warning ** Output:Meter:MeterFileOnly: invalid Key Name="REFRIGERATION:ELECTRICITY" - not found.
   ** Warning ** Output:Meter:MeterFileOnly: invalid Key Name="REFRIGERATION:NATURALGAS" - not found.
   ** Warning ** Output:Meter:MeterFileOnly: invalid Key Name="REG LTG:EXTERIORLIGHTS:ELECTRICITY" - not found.
   ** Warning ** Output:Meter:MeterFileOnly: invalid Key Name="WATERSYSTEMS:COAL" - not found.
   ** Warning ** Output:Meter:MeterFileOnly: invalid Key Name="WATERSYSTEMS:DISTRICTCOOLING" - not found.
   ** Warning ** Output:Meter:MeterFileOnly: invalid Key Name="WATERSYSTEMS:DISTRICTHEATINGWATER" - not found.
   ** Warning ** Output:Meter:MeterFileOnly: invalid Key Name="COAL:FACILITY" - not found.
   ** Warning ** Output:Meter:MeterFileOnly: invalid Key Name="DISTRICTCOOLING:FACILITY" - not found.
   ** Warning ** Output:Meter:MeterFileOnly: invalid Key Name="DISTRICTHEATINGWATER:FACILITY" - not found.
   ************* Testing Individual Branch Integrity
   ************* All Branches passed integrity testing
   ************* Testing Individual Supply Air Path Integrity
   ************* All Supply Air Paths passed integrity testing
   ************* Testing Individual Return Air Path Integrity
   ************* All Return Air Paths passed integrity testing
   ************* No node connection errors were found.
   ************* Beginning Simulation
   ** Warning ** CalcEquipmentFlowRates: "L02-211_RESTCOMLINCD WATER USE EQUIPMENT" - Target water temperature is greater than the hot water temperature by (1.75 C)
   **   ~~~   **  Environment=USA_WA_SEATTLE-BOEING.FIELD.727935_TMY3, at Simulation time=01/01 00:00 - 00:15
   **   ~~~   ** ...target water temperature     = 48.89 C
   **   ~~~   ** ...hot water temperature        = 47.14 C
   **   ~~~   ** ...Target water temperature should be less than or equal to the hot water temperature. Verify temperature setpoints and schedules.
   ** Warning ** CalcEquipmentFlowRates: "L02-208_RESTCOMLINCD WATER USE EQUIPMENT" - Target water temperature is greater than the hot water temperature by (1.75 C)
   **   ~~~   **  Environment=USA_WA_SEATTLE-BOEING.FIELD.727935_TMY3, at Simulation time=01/01 00:00 - 00:15
   **   ~~~   ** ...target water temperature     = 48.89 C
   **   ~~~   ** ...hot water temperature        = 47.14 C
   **   ~~~   ** ...Target water temperature should be less than or equal to the hot water temperature. Verify temperature setpoints and schedules.
   ** Warning ** CalcOAController: Minimum OA fraction > Mechanical Ventilation Controller request for Controller:OutdoorAir=ERV-1 OACONTROL, Min OA fraction is used.
   **   ~~~   ** This may be overriding desired ventilation controls. Check inputs for Minimum Outdoor Air Flow Rate, Minimum Outdoor Air Schedule Name and Controller:MechanicalVentilation
   **   ~~~   ** Minimum OA fraction = 1.0000, Mech Vent OA fraction = 1.0000
   **   ~~~   **  Environment=USA_WA_SEATTLE-BOEING.FIELD.727935_TMY3, at Simulation time=01/02 13:00 - 13:15
   ************* Simulation Error Summary *************
   ** Warning ** The following Report Variables were requested but not generated -- check.rdd file
   **   ~~~   ** Either the IDF did not contain these elements, the variable name is misspelled,
   **   ~~~   ** or the requested variable is an advanced output which requires Output : Diagnostics, DisplayAdvancedReportVariables;
   ************* Key=*, VarName=CHILLER CONDENSER HEAT TRANSFER RATE, Frequency=Hourly
   ************* Key=*, VarName=CHILLER ELECTRICITY RATE, Frequency=Hourly
   ************* Key=*, VarName=COOLING TOWER HEAT TRANSFER RATE, Frequency=Hourly
   ************* Key=*, VarName=COOLING TOWER FAN ELECTRICITY RATE, Frequency=Hourly
   ************* Key=*, VarName=BOILER NATURALGAS RATE, Frequency=Hourly
   ************* Key=*, VarName=BOILER ANCILLARY ELECTRICITY RATE, Frequency=Hourly
   ************* Key=*, VarName=CHILLER EVAPORATOR COOLING RATE, Frequency=Hourly
   ************* Key=*, VarName=BOILER HEATING RATE, Frequency=Hourly
   ************* Key=*, VarName=CHILLER EVAPORATOR COOLING RATE, Frequency=Hourly
   ************* Key=*, VarName=COOLING TOWER HEAT TRANSFER RATE, Frequency=Hourly
   ************* Key=*, VarName=BOILER HEATING RATE, Frequency=Hourly
   ************* Key=Thermal Zone: L01-105_IstoComlUncd Propexhfan Inlet Node, VarName=SYSTEM NODE TEMPERATURE, Frequency=Hourly
   ************* Key=Thermal Zone: L01-102_OfceComlPthp Propexhfan Inlet Node, VarName=SYSTEM NODE TEMPERATURE, Frequency=Hourly
   ************* Key=Thermal Zone: L02-214_AstoComlPthp Propexhfan Inlet Node, VarName=SYSTEM NODE TEMPERATURE, Frequency=Hourly
   ************* Key=Thermal Zone: L02-209_AstoComlPthp Propexhfan Inlet Node, VarName=SYSTEM NODE TEMPERATURE, Frequency=Hourly
   ************* Key=Thermal Zone: L02-216_MprpComlPthp Propexhfan Inlet Node, VarName=SYSTEM NODE TEMPERATURE, Frequency=Hourly
   ************* Key=Thermal Zone: L02-206_MprpComlPthp Propexhfan Inlet Node, VarName=SYSTEM NODE TEMPERATURE, Frequency=Hourly
   ************* Key=Thermal Zone: L02-201_CorrComlPthp Propexhfan Inlet Node, VarName=SYSTEM NODE TEMPERATURE, Frequency=Hourly
   ************* Key=Thermal Zone: L02-218_MechComlPthp Propexhfan Inlet Node, VarName=SYSTEM NODE TEMPERATURE, Frequency=Hourly
   ************* Key=Thermal Zone: L02-202_OfceComlPthp Propexhfan Inlet Node, VarName=SYSTEM NODE TEMPERATURE, Frequency=Hourly
   ************* Key=Thermal Zone: L02-203_BrkrComlPthp Propexhfan Inlet Node, VarName=SYSTEM NODE TEMPERATURE, Frequency=Hourly
   ************* Key=Thermal Zone: L02-204_FitnComlPthp Propexhfan Inlet Node, VarName=SYSTEM NODE TEMPERATURE, Frequency=Hourly
   ************* Key=Thermal Zone: L01-105_IstoComlUncd Propexhfan Inlet Node, VarName=SYSTEM NODE STANDARD DENSITY VOLUME FLOW RATE, Frequency=Hourly
   ************* Key=Thermal Zone: L01-102_OfceComlPthp Propexhfan Inlet Node, VarName=SYSTEM NODE STANDARD DENSITY VOLUME FLOW RATE, Frequency=Hourly
   ************* Key=Thermal Zone: L02-214_AstoComlPthp Propexhfan Inlet Node, VarName=SYSTEM NODE STANDARD DENSITY VOLUME FLOW RATE, Frequency=Hourly
   ************* Key=Thermal Zone: L02-209_AstoComlPthp Propexhfan Inlet Node, VarName=SYSTEM NODE STANDARD DENSITY VOLUME FLOW RATE, Frequency=Hourly
   ************* Key=Thermal Zone: L02-216_MprpComlPthp Propexhfan Inlet Node, VarName=SYSTEM NODE STANDARD DENSITY VOLUME FLOW RATE, Frequency=Hourly
   ************* Key=Thermal Zone: L02-206_MprpComlPthp Propexhfan Inlet Node, VarName=SYSTEM NODE STANDARD DENSITY VOLUME FLOW RATE, Frequency=Hourly
   ************* Key=Thermal Zone: L02-201_CorrComlPthp Propexhfan Inlet Node, VarName=SYSTEM NODE STANDARD DENSITY VOLUME FLOW RATE, Frequency=Hourly
   ************* Key=Thermal Zone: L02-218_MechComlPthp Propexhfan Inlet Node, VarName=SYSTEM NODE STANDARD DENSITY VOLUME FLOW RATE, Frequency=Hourly
   ************* Key=Thermal Zone: L02-202_OfceComlPthp Propexhfan Inlet Node, VarName=SYSTEM NODE STANDARD DENSITY VOLUME FLOW RATE, Frequency=Hourly
   ************* Key=Thermal Zone: L02-203_BrkrComlPthp Propexhfan Inlet Node, VarName=SYSTEM NODE STANDARD DENSITY VOLUME FLOW RATE, Frequency=Hourly
   ************* Key=Thermal Zone: L02-204_FitnComlPthp Propexhfan Inlet Node, VarName=SYSTEM NODE STANDARD DENSITY VOLUME FLOW RATE, Frequency=Hourly
   ************* Key=Thermal Zone: L01-105_IstoComlUncd BaseExhfan Inlet Node, VarName=SYSTEM NODE TEMPERATURE, Frequency=Hourly
   ************* Key=Thermal Zone: L01-102_OfceComlPthp BaseExhfan Inlet Node, VarName=SYSTEM NODE TEMPERATURE, Frequency=Hourly
   ************* Key=Thermal Zone: L02-214_AstoComlPthp BaseExhfan Inlet Node, VarName=SYSTEM NODE TEMPERATURE, Frequency=Hourly
   ************* Key=Thermal Zone: L02-209_AstoComlPthp BaseExhfan Inlet Node, VarName=SYSTEM NODE TEMPERATURE, Frequency=Hourly
   ************* Key=Thermal Zone: L02-216_MprpComlPthp BaseExhfan Inlet Node, VarName=SYSTEM NODE TEMPERATURE, Frequency=Hourly
   ************* Key=Thermal Zone: L02-206_MprpComlPthp BaseExhfan Inlet Node, VarName=SYSTEM NODE TEMPERATURE, Frequency=Hourly
   ************* Key=Thermal Zone: L02-201_CorrComlPthp BaseExhfan Inlet Node, VarName=SYSTEM NODE TEMPERATURE, Frequency=Hourly
   ************* Key=Thermal Zone: L02-218_MechComlPthp BaseExhfan Inlet Node, VarName=SYSTEM NODE TEMPERATURE, Frequency=Hourly
   ************* Key=Thermal Zone: L02-202_OfceComlPthp BaseExhfan Inlet Node, VarName=SYSTEM NODE TEMPERATURE, Frequency=Hourly
   ************* Key=Thermal Zone: L02-203_BrkrComlPthp BaseExhfan Inlet Node, VarName=SYSTEM NODE TEMPERATURE, Frequency=Hourly
   ************* Key=Thermal Zone: L02-204_FitnComlPthp BaseExhfan Inlet Node, VarName=SYSTEM NODE TEMPERATURE, Frequency=Hourly
   ************* Key=Thermal Zone: L01-105_IstoComlUncd BaseExhfan Inlet Node, VarName=SYSTEM NODE STANDARD DENSITY VOLUME FLOW RATE, Frequency=Hourly
   ************* Key=Thermal Zone: L01-102_OfceComlPthp BaseExhfan Inlet Node, VarName=SYSTEM NODE STANDARD DENSITY VOLUME FLOW RATE, Frequency=Hourly
   ************* Key=Thermal Zone: L02-214_AstoComlPthp BaseExhfan Inlet Node, VarName=SYSTEM NODE STANDARD DENSITY VOLUME FLOW RATE, Frequency=Hourly
   ************* Key=Thermal Zone: L02-209_AstoComlPthp BaseExhfan Inlet Node, VarName=SYSTEM NODE STANDARD DENSITY VOLUME FLOW RATE, Frequency=Hourly
   ************* Key=Thermal Zone: L02-216_MprpComlPthp BaseExhfan Inlet Node, VarName=SYSTEM NODE STANDARD DENSITY VOLUME FLOW RATE, Frequency=Hourly
   ************* Key=Thermal Zone: L02-206_MprpComlPthp BaseExhfan Inlet Node, VarName=SYSTEM NODE STANDARD DENSITY VOLUME FLOW RATE, Frequency=Hourly
   ************* Key=Thermal Zone: L02-201_CorrComlPthp BaseExhfan Inlet Node, VarName=SYSTEM NODE STANDARD DENSITY VOLUME FLOW RATE, Frequency=Hourly
   ************* Key=Thermal Zone: L02-218_MechComlPthp BaseExhfan Inlet Node, VarName=SYSTEM NODE STANDARD DENSITY VOLUME FLOW RATE, Frequency=Hourly
   ************* Key=Thermal Zone: L02-202_OfceComlPthp BaseExhfan Inlet Node, VarName=SYSTEM NODE STANDARD DENSITY VOLUME FLOW RATE, Frequency=Hourly
   ************* Key=Thermal Zone: L02-203_BrkrComlPthp BaseExhfan Inlet Node, VarName=SYSTEM NODE STANDARD DENSITY VOLUME FLOW RATE, Frequency=Hourly
   ************* Key=Thermal Zone: L02-204_FitnComlPthp BaseExhfan Inlet Node, VarName=SYSTEM NODE STANDARD DENSITY VOLUME FLOW RATE, Frequency=Hourly
   ************* Key=Thermal Zone: L01-105_IstoComlUncd Return Air Node, VarName=SYSTEM NODE TEMPERATURE, Frequency=Hourly
   ************* Key=Thermal Zone: L02-218_MechComlPthp Return Air Node, VarName=SYSTEM NODE TEMPERATURE, Frequency=Hourly
   ************* Key=Thermal Zone: L01-105_IstoComlUncd Return Air Node, VarName=SYSTEM NODE STANDARD DENSITY VOLUME FLOW RATE, Frequency=Hourly
   ************* Key=Thermal Zone: L02-218_MechComlPthp Return Air Node, VarName=SYSTEM NODE STANDARD DENSITY VOLUME FLOW RATE, Frequency=Hourly
   ************* Key=*, VarName=HEATING COIL AIR HEATING RATE, Frequency=Hourly
   ************* Key=*, VarName=HEATING COIL TOTAL HEATING RATE, Frequency=Hourly
   ************* Key=*, VarName=HEATING COIL NATURALGAS RATE, Frequency=Hourly
   ************* Key=*, VarName=HEATING COIL PART LOAD RATIO, Frequency=Hourly
   ************* Key=*, VarName=COOLING COIL PART LOAD RATIO, Frequency=Hourly
   ************* Key=*, VarName=EVAPORATIVE COOLER ELECTRICITY RATE, Frequency=Hourly
   ************* Key=OACtrl_Elecresistance+BaseSys4DX-1 OA System Relief Node, VarName=SYSTEM NODE TEMPERATURE, Frequency=Hourly
   ************* Key=OACtrl_Elecresistance+BaseSys4DX-2 OA System Relief Node, VarName=SYSTEM NODE TEMPERATURE, Frequency=Hourly
   ************* Key=OACtrl_Elecresistance+BaseSys4DX-3 OA System Relief Node, VarName=SYSTEM NODE TEMPERATURE, Frequency=Hourly
   ************* Key=OACtrl_Elecresistance+BaseSys4DX-5 OA System Relief Node, VarName=SYSTEM NODE TEMPERATURE, Frequency=Hourly
   ************* Key=OACtrl_Elecresistance+BaseSys4DX-6 OA System Relief Node, VarName=SYSTEM NODE TEMPERATURE, Frequency=Hourly
   ************* Key=OACtrl_Elecresistance+BaseSys4DX-7 OA System Relief Node, VarName=SYSTEM NODE TEMPERATURE, Frequency=Hourly
   ************* Key=OACtrl_Elecresistance+BaseSys4DX-8 OA System Relief Node, VarName=SYSTEM NODE TEMPERATURE, Frequency=Hourly
   ************* Key=OACtrl_Elecresistance+BaseSys4DX-1 OA System OA Node, VarName=SYSTEM NODE TEMPERATURE, Frequency=Hourly
   ************* Key=OACtrl_Elecresistance+BaseSys4DX-2 OA System OA Node, VarName=SYSTEM NODE TEMPERATURE, Frequency=Hourly
   ************* Key=OACtrl_Elecresistance+BaseSys4DX-3 OA System OA Node, VarName=SYSTEM NODE TEMPERATURE, Frequency=Hourly
   ************* Key=OACtrl_Elecresistance+BaseSys4DX-5 OA System OA Node, VarName=SYSTEM NODE TEMPERATURE, Frequency=Hourly
   ************* Key=OACtrl_Elecresistance+BaseSys4DX-6 OA System OA Node, VarName=SYSTEM NODE TEMPERATURE, Frequency=Hourly
   ************* Key=OACtrl_Elecresistance+BaseSys4DX-7 OA System OA Node, VarName=SYSTEM NODE TEMPERATURE, Frequency=Hourly
   ************* Key=OACtrl_Elecresistance+BaseSys4DX-8 OA System OA Node, VarName=SYSTEM NODE TEMPERATURE, Frequency=Hourly
   ************* Key=OACtrl_Elecresistance+BaseSys4DX-1 OA System Mixed Air Node, VarName=SYSTEM NODE TEMPERATURE, Frequency=Hourly
   ************* Key=OACtrl_Elecresistance+BaseSys4DX-2 OA System Mixed Air Node, VarName=SYSTEM NODE TEMPERATURE, Frequency=Hourly
   ************* Key=OACtrl_Elecresistance+BaseSys4DX-3 OA System Mixed Air Node, VarName=SYSTEM NODE TEMPERATURE, Frequency=Hourly
   ************* Key=OACtrl_Elecresistance+BaseSys4DX-5 OA System Mixed Air Node, VarName=SYSTEM NODE TEMPERATURE, Frequency=Hourly
   ************* Key=OACtrl_Elecresistance+BaseSys4DX-6 OA System Mixed Air Node, VarName=SYSTEM NODE TEMPERATURE, Frequency=Hourly
   ************* Key=OACtrl_Elecresistance+BaseSys4DX-7 OA System Mixed Air Node, VarName=SYSTEM NODE TEMPERATURE, Frequency=Hourly
   ************* Key=OACtrl_Elecresistance+BaseSys4DX-8 OA System Mixed Air Node, VarName=SYSTEM NODE TEMPERATURE, Frequency=Hourly
   ************* Key=Elecresistance+BaseSys4DX-1 Demand Side (Supply Air) Inlet Node, VarName=SYSTEM NODE TEMPERATURE, Frequency=Hourly
   ************* Key=Elecresistance+BaseSys4DX-2 Demand Side (Supply Air) Inlet Node, VarName=SYSTEM NODE TEMPERATURE, Frequency=Hourly
   ************* Key=Elecresistance+BaseSys4DX-3 Demand Side (Supply Air) Inlet Node, VarName=SYSTEM NODE TEMPERATURE, Frequency=Hourly
   ************* Key=Elecresistance+BaseSys4DX-5 Demand Side (Supply Air) Inlet Node, VarName=SYSTEM NODE TEMPERATURE, Frequency=Hourly
   ************* Key=Elecresistance+BaseSys4DX-6 Demand Side (Supply Air) Inlet Node, VarName=SYSTEM NODE TEMPERATURE, Frequency=Hourly
   ************* Key=Elecresistance+BaseSys4DX-7 Demand Side (Supply Air) Inlet Node, VarName=SYSTEM NODE TEMPERATURE, Frequency=Hourly
   ************* Key=Elecresistance+BaseSys4DX-8 Demand Side (Supply Air) Inlet Node, VarName=SYSTEM NODE TEMPERATURE, Frequency=Hourly
   ************* Key=ERV1 Demand Side (Supply Air) Inlet Node, VarName=SYSTEM NODE TEMPERATURE, Frequency=Hourly
   ************* Key=Elecresistance+BaseSys4DX-1 Supply Side (Return Air) Inlet Node, VarName=SYSTEM NODE TEMPERATURE, Frequency=Hourly
   ************* Key=Elecresistance+BaseSys4DX-2 Supply Side (Return Air) Inlet Node, VarName=SYSTEM NODE TEMPERATURE, Frequency=Hourly
   ************* Key=Elecresistance+BaseSys4DX-3 Supply Side (Return Air) Inlet Node, VarName=SYSTEM NODE TEMPERATURE, Frequency=Hourly
   ************* Key=Elecresistance+BaseSys4DX-5 Supply Side (Return Air) Inlet Node, VarName=SYSTEM NODE TEMPERATURE, Frequency=Hourly
   ************* Key=Elecresistance+BaseSys4DX-6 Supply Side (Return Air) Inlet Node, VarName=SYSTEM NODE TEMPERATURE, Frequency=Hourly
   ************* Key=Elecresistance+BaseSys4DX-7 Supply Side (Return Air) Inlet Node, VarName=SYSTEM NODE TEMPERATURE, Frequency=Hourly
   ************* Key=Elecresistance+BaseSys4DX-8 Supply Side (Return Air) Inlet Node, VarName=SYSTEM NODE TEMPERATURE, Frequency=Hourly
   ************* Key=ERV1 Supply Side (Return Air) Inlet Node, VarName=SYSTEM NODE TEMPERATURE, Frequency=Hourly
   ************* Key=Fan_HP-1 Outlet Node, VarName=SYSTEM NODE TEMPERATURE, Frequency=Hourly
   ************* Key=SupFan_ElecResistance+BaseSys4DX-1 Outlet Node, VarName=SYSTEM NODE TEMPERATURE, Frequency=Hourly
   ************* Key=RetFan_ElecResistance+BaseSys4DX-1 Outlet Node, VarName=SYSTEM NODE TEMPERATURE, Frequency=Hourly
   ************* Key=SupFan_ElecResistance+BaseSys4DX-2 Outlet Node, VarName=SYSTEM NODE TEMPERATURE, Frequency=Hourly
   ************* Key=RetFan_ElecResistance+BaseSys4DX-2 Outlet Node, VarName=SYSTEM NODE TEMPERATURE, Frequency=Hourly
   ************* Key=SupFan_ElecResistance+BaseSys4DX-3 Outlet Node, VarName=SYSTEM NODE TEMPERATURE, Frequency=Hourly
   ************* Key=RetFan_ElecResistance+BaseSys4DX-3 Outlet Node, VarName=SYSTEM NODE TEMPERATURE, Frequency=Hourly
   ************* Key=SupFan_ElecResistance+BaseSys4DX-5 Outlet Node, VarName=SYSTEM NODE TEMPERATURE, Frequency=Hourly
   ************* Key=RetFan_ElecResistance+BaseSys4DX-5 Outlet Node, VarName=SYSTEM NODE TEMPERATURE, Frequency=Hourly
   ************* Key=SupFan_ElecResistance+BaseSys4DX-6 Outlet Node, VarName=SYSTEM NODE TEMPERATURE, Frequency=Hourly
   ************* Key=RetFan_ElecResistance+BaseSys4DX-6 Outlet Node, VarName=SYSTEM NODE TEMPERATURE, Frequency=Hourly
   ************* Key=SupFan_ElecResistance+BaseSys4DX-7 Outlet Node, VarName=SYSTEM NODE TEMPERATURE, Frequency=Hourly
   ************* Key=RetFan_Elecresistance+BaseSys4DX-7 Outlet Node, VarName=SYSTEM NODE TEMPERATURE, Frequency=Hourly
   ************* Key=SupFan_ElecResistance+BaseSys4DX-8 Outlet Node, VarName=SYSTEM NODE TEMPERATURE, Frequency=Hourly
   ************* Key=RetFan_Elecresistance+BaseSys4DX-8 Outlet Node, VarName=SYSTEM NODE TEMPERATURE, Frequency=Hourly
   ************* Key=Fan_HP2/3 Outlet Node, VarName=SYSTEM NODE TEMPERATURE, Frequency=Hourly
   ************* Key=Fan_HP-4 Outlet Node, VarName=SYSTEM NODE TEMPERATURE, Frequency=Hourly
   ************* Key=CoilClg_HP1 Unitary Inlet Node, VarName=SYSTEM NODE TEMPERATURE, Frequency=Hourly
   ************* Key=CoilClg_ElecResistance+BaseSys4DX-1 Unitary Inlet Node, VarName=SYSTEM NODE TEMPERATURE, Frequency=Hourly
   ************* Key=CoilClg_ElecResistance+BaseSys4DX-2 Unitary Inlet Node, VarName=SYSTEM NODE TEMPERATURE, Frequency=Hourly
   ************* Key=CoilClg_ElecResistance+BaseSys4DX-3 Unitary Inlet Node, VarName=SYSTEM NODE TEMPERATURE, Frequency=Hourly
   ************* Key=CoilClg_ElecResistance+BaseSys4DX-5 Unitary Inlet Node, VarName=SYSTEM NODE TEMPERATURE, Frequency=Hourly
   ************* Key=CoilClg_ElecResistance+BaseSys4DX-6 Unitary Inlet Node, VarName=SYSTEM NODE TEMPERATURE, Frequency=Hourly
   ************* Key=CoilClg_ElecResistance+BaseSys4DX-7 Unitary Inlet Node, VarName=SYSTEM NODE TEMPERATURE, Frequency=Hourly
   ************* Key=CoilClg_ElecResistance+BaseSys4DX-8 Unitary Inlet Node, VarName=SYSTEM NODE TEMPERATURE, Frequency=Hourly
   ************* Key=CoilClg_HP2/3 Unitary Inlet Node, VarName=SYSTEM NODE TEMPERATURE, Frequency=Hourly
   ************* Key=CoilClg_HP4 Unitary Inlet Node, VarName=SYSTEM NODE TEMPERATURE, Frequency=Hourly
   ************* Key=OACtrl_Elecresistance+BaseSys4DX-1 OA System Relief Node, VarName=SYSTEM NODE STANDARD DENSITY VOLUME FLOW RATE, Frequency=Hourly
   ************* Key=OACtrl_Elecresistance+BaseSys4DX-2 OA System Relief Node, VarName=SYSTEM NODE STANDARD DENSITY VOLUME FLOW RATE, Frequency=Hourly
   ************* Key=OACtrl_Elecresistance+BaseSys4DX-3 OA System Relief Node, VarName=SYSTEM NODE STANDARD DENSITY VOLUME FLOW RATE, Frequency=Hourly
   ************* Key=OACtrl_Elecresistance+BaseSys4DX-5 OA System Relief Node, VarName=SYSTEM NODE STANDARD DENSITY VOLUME FLOW RATE, Frequency=Hourly
   ************* Key=OACtrl_Elecresistance+BaseSys4DX-6 OA System Relief Node, VarName=SYSTEM NODE STANDARD DENSITY VOLUME FLOW RATE, Frequency=Hourly
   ************* Key=OACtrl_Elecresistance+BaseSys4DX-7 OA System Relief Node, VarName=SYSTEM NODE STANDARD DENSITY VOLUME FLOW RATE, Frequency=Hourly
   ************* Key=OACtrl_Elecresistance+BaseSys4DX-8 OA System Relief Node, VarName=SYSTEM NODE STANDARD DENSITY VOLUME FLOW RATE, Frequency=Hourly
   ************* Key=OACtrl_Elecresistance+BaseSys4DX-1 OA System OA Node, VarName=SYSTEM NODE STANDARD DENSITY VOLUME FLOW RATE, Frequency=Hourly
   ************* Key=OACtrl_Elecresistance+BaseSys4DX-2 OA System OA Node, VarName=SYSTEM NODE STANDARD DENSITY VOLUME FLOW RATE, Frequency=Hourly
   ************* Key=OACtrl_Elecresistance+BaseSys4DX-3 OA System OA Node, VarName=SYSTEM NODE STANDARD DENSITY VOLUME FLOW RATE, Frequency=Hourly
   ************* Key=OACtrl_Elecresistance+BaseSys4DX-5 OA System OA Node, VarName=SYSTEM NODE STANDARD DENSITY VOLUME FLOW RATE, Frequency=Hourly
   ************* Key=OACtrl_Elecresistance+BaseSys4DX-6 OA System OA Node, VarName=SYSTEM NODE STANDARD DENSITY VOLUME FLOW RATE, Frequency=Hourly
   ************* Key=OACtrl_Elecresistance+BaseSys4DX-7 OA System OA Node, VarName=SYSTEM NODE STANDARD DENSITY VOLUME FLOW RATE, Frequency=Hourly
   ************* Key=OACtrl_Elecresistance+BaseSys4DX-8 OA System OA Node, VarName=SYSTEM NODE STANDARD DENSITY VOLUME FLOW RATE, Frequency=Hourly
   ************* Key=OACtrl_Elecresistance+BaseSys4DX-1 OA System Mixed Air Node, VarName=SYSTEM NODE STANDARD DENSITY VOLUME FLOW RATE, Frequency=Hourly
   ************* Key=OACtrl_Elecresistance+BaseSys4DX-2 OA System Mixed Air Node, VarName=SYSTEM NODE STANDARD DENSITY VOLUME FLOW RATE, Frequency=Hourly
   ************* Key=OACtrl_Elecresistance+BaseSys4DX-3 OA System Mixed Air Node, VarName=SYSTEM NODE STANDARD DENSITY VOLUME FLOW RATE, Frequency=Hourly
   ************* Key=OACtrl_Elecresistance+BaseSys4DX-5 OA System Mixed Air Node, VarName=SYSTEM NODE STANDARD DENSITY VOLUME FLOW RATE, Frequency=Hourly
   ************* Key=OACtrl_Elecresistance+BaseSys4DX-6 OA System Mixed Air Node, VarName=SYSTEM NODE STANDARD DENSITY VOLUME FLOW RATE, Frequency=Hourly
   ************* Key=OACtrl_Elecresistance+BaseSys4DX-7 OA System Mixed Air Node, VarName=SYSTEM NODE STANDARD DENSITY VOLUME FLOW RATE, Frequency=Hourly
   ************* Key=OACtrl_Elecresistance+BaseSys4DX-8 OA System Mixed Air Node, VarName=SYSTEM NODE STANDARD DENSITY VOLUME FLOW RATE, Frequency=Hourly
   ************* Key=Elecresistance+BaseSys4DX-1 Demand Side (Supply Air) Inlet Node, VarName=SYSTEM NODE STANDARD DENSITY VOLUME FLOW RATE, Frequency=Hourly
   ************* Key=Elecresistance+BaseSys4DX-2 Demand Side (Supply Air) Inlet Node, VarName=SYSTEM NODE STANDARD DENSITY VOLUME FLOW RATE, Frequency=Hourly
   ************* Key=Elecresistance+BaseSys4DX-3 Demand Side (Supply Air) Inlet Node, VarName=SYSTEM NODE STANDARD DENSITY VOLUME FLOW RATE, Frequency=Hourly
   ************* Key=Elecresistance+BaseSys4DX-5 Demand Side (Supply Air) Inlet Node, VarName=SYSTEM NODE STANDARD DENSITY VOLUME FLOW RATE, Frequency=Hourly
   ************* Key=Elecresistance+BaseSys4DX-6 Demand Side (Supply Air) Inlet Node, VarName=SYSTEM NODE STANDARD DENSITY VOLUME FLOW RATE, Frequency=Hourly
   ************* Key=Elecresistance+BaseSys4DX-7 Demand Side (Supply Air) Inlet Node, VarName=SYSTEM NODE STANDARD DENSITY VOLUME FLOW RATE, Frequency=Hourly
   ************* Key=Elecresistance+BaseSys4DX-8 Demand Side (Supply Air) Inlet Node, VarName=SYSTEM NODE STANDARD DENSITY VOLUME FLOW RATE, Frequency=Hourly
   ************* Key=ERV1 Demand Side (Supply Air) Inlet Node, VarName=SYSTEM NODE STANDARD DENSITY VOLUME FLOW RATE, Frequency=Hourly
   ************* Key=Elecresistance+BaseSys4DX-1 Supply Side (Return Air) Inlet Node, VarName=SYSTEM NODE STANDARD DENSITY VOLUME FLOW RATE, Frequency=Hourly
   ************* Key=Elecresistance+BaseSys4DX-2 Supply Side (Return Air) Inlet Node, VarName=SYSTEM NODE STANDARD DENSITY VOLUME FLOW RATE, Frequency=Hourly
   ************* Key=Elecresistance+BaseSys4DX-3 Supply Side (Return Air) Inlet Node, VarName=SYSTEM NODE STANDARD DENSITY VOLUME FLOW RATE, Frequency=Hourly
   ************* Key=Elecresistance+BaseSys4DX-5 Supply Side (Return Air) Inlet Node, VarName=SYSTEM NODE STANDARD DENSITY VOLUME FLOW RATE, Frequency=Hourly
   ************* Key=Elecresistance+BaseSys4DX-6 Supply Side (Return Air) Inlet Node, VarName=SYSTEM NODE STANDARD DENSITY VOLUME FLOW RATE, Frequency=Hourly
   ************* Key=Elecresistance+BaseSys4DX-7 Supply Side (Return Air) Inlet Node, VarName=SYSTEM NODE STANDARD DENSITY VOLUME FLOW RATE, Frequency=Hourly
   ************* Key=Elecresistance+BaseSys4DX-8 Supply Side (Return Air) Inlet Node, VarName=SYSTEM NODE STANDARD DENSITY VOLUME FLOW RATE, Frequency=Hourly
   ************* Key=ERV1 Supply Side (Return Air) Inlet Node, VarName=SYSTEM NODE STANDARD DENSITY VOLUME FLOW RATE, Frequency=Hourly
   ************* Key=Fan_HP-1 Outlet Node, VarName=SYSTEM NODE STANDARD DENSITY VOLUME FLOW RATE, Frequency=Hourly
   ************* Key=SupFan_ElecResistance+BaseSys4DX-1 Outlet Node, VarName=SYSTEM NODE STANDARD DENSITY VOLUME FLOW RATE, Frequency=Hourly
   ************* Key=RetFan_ElecResistance+BaseSys4DX-1 Outlet Node, VarName=SYSTEM NODE STANDARD DENSITY VOLUME FLOW RATE, Frequency=Hourly
   ************* Key=SupFan_ElecResistance+BaseSys4DX-2 Outlet Node, VarName=SYSTEM NODE STANDARD DENSITY VOLUME FLOW RATE, Frequency=Hourly
   ************* Key=RetFan_ElecResistance+BaseSys4DX-2 Outlet Node, VarName=SYSTEM NODE STANDARD DENSITY VOLUME FLOW RATE, Frequency=Hourly
   ************* Key=SupFan_ElecResistance+BaseSys4DX-3 Outlet Node, VarName=SYSTEM NODE STANDARD DENSITY VOLUME FLOW RATE, Frequency=Hourly
   ************* Key=RetFan_ElecResistance+BaseSys4DX-3 Outlet Node, VarName=SYSTEM NODE STANDARD DENSITY VOLUME FLOW RATE, Frequency=Hourly
   ************* Key=SupFan_ElecResistance+BaseSys4DX-5 Outlet Node, VarName=SYSTEM NODE STANDARD DENSITY VOLUME FLOW RATE, Frequency=Hourly
   ************* Key=RetFan_ElecResistance+BaseSys4DX-5 Outlet Node, VarName=SYSTEM NODE STANDARD DENSITY VOLUME FLOW RATE, Frequency=Hourly
   ************* Key=SupFan_ElecResistance+BaseSys4DX-6 Outlet Node, VarName=SYSTEM NODE STANDARD DENSITY VOLUME FLOW RATE, Frequency=Hourly
   ************* Key=RetFan_ElecResistance+BaseSys4DX-6 Outlet Node, VarName=SYSTEM NODE STANDARD DENSITY VOLUME FLOW RATE, Frequency=Hourly
   ************* Key=SupFan_ElecResistance+BaseSys4DX-7 Outlet Node, VarName=SYSTEM NODE STANDARD DENSITY VOLUME FLOW RATE, Frequency=Hourly
   ************* Key=RetFan_Elecresistance+BaseSys4DX-7 Outlet Node, VarName=SYSTEM NODE STANDARD DENSITY VOLUME FLOW RATE, Frequency=Hourly
   ************* Key=SupFan_ElecResistance+BaseSys4DX-8 Outlet Node, VarName=SYSTEM NODE STANDARD DENSITY VOLUME FLOW RATE, Frequency=Hourly
   ************* Key=RetFan_Elecresistance+BaseSys4DX-8 Outlet Node, VarName=SYSTEM NODE STANDARD DENSITY VOLUME FLOW RATE, Frequency=Hourly
   ************* Key=Fan_HP2/3 Outlet Node, VarName=SYSTEM NODE STANDARD DENSITY VOLUME FLOW RATE, Frequency=Hourly
   ************* Key=Fan_HP-4 Outlet Node, VarName=SYSTEM NODE STANDARD DENSITY VOLUME FLOW RATE, Frequency=Hourly
   ************* Key=CoilClg_HP1 Unitary Inlet Node, VarName=SYSTEM NODE STANDARD DENSITY VOLUME FLOW RATE, Frequency=Hourly
   ************* Key=CoilClg_ElecResistance+BaseSys4DX-1 Unitary Inlet Node, VarName=SYSTEM NODE STANDARD DENSITY VOLUME FLOW RATE, Frequency=Hourly
   ************* Key=CoilClg_ElecResistance+BaseSys4DX-2 Unitary Inlet Node, VarName=SYSTEM NODE STANDARD DENSITY VOLUME FLOW RATE, Frequency=Hourly
   ************* Key=CoilClg_ElecResistance+BaseSys4DX-3 Unitary Inlet Node, VarName=SYSTEM NODE STANDARD DENSITY VOLUME FLOW RATE, Frequency=Hourly
   ************* Key=CoilClg_ElecResistance+BaseSys4DX-5 Unitary Inlet Node, VarName=SYSTEM NODE STANDARD DENSITY VOLUME FLOW RATE, Frequency=Hourly
   ************* Key=CoilClg_ElecResistance+BaseSys4DX-6 Unitary Inlet Node, VarName=SYSTEM NODE STANDARD DENSITY VOLUME FLOW RATE, Frequency=Hourly
   ************* Key=CoilClg_ElecResistance+BaseSys4DX-7 Unitary Inlet Node, VarName=SYSTEM NODE STANDARD DENSITY VOLUME FLOW RATE, Frequency=Hourly
   ************* Key=CoilClg_ElecResistance+BaseSys4DX-8 Unitary Inlet Node, VarName=SYSTEM NODE STANDARD DENSITY VOLUME FLOW RATE, Frequency=Hourly
   ************* Key=CoilClg_HP2/3 Unitary Inlet Node, VarName=SYSTEM NODE STANDARD DENSITY VOLUME FLOW RATE, Frequency=Hourly
   ************* Key=CoilClg_HP4 Unitary Inlet Node, VarName=SYSTEM NODE STANDARD DENSITY VOLUME FLOW RATE, Frequency=Hourly
   ************* Key=*, VarName=ZONE AIR TERMINAL VAV DAMPER POSITION, Frequency=Hourly
   ************* Key=*, VarName=ZONE WATER TO AIR HEAT PUMP TOTAL HEATING RATE, Frequency=Hourly
   ************* Key=*, VarName=ZONE WATER TO AIR HEAT PUMP TOTAL COOLING RATE, Frequency=Hourly
   ************* Key=*, VarName=ZONE WATER TO AIR HEAT PUMP SENSIBLE COOLING RATE, Frequency=Hourly
   ************* Key=*, VarName=ZONE WATER TO AIR HEAT PUMP ELECTRICITY RATE, Frequency=Hourly
   ************* Key=*, VarName=ZONE WATER TO AIR HEAT PUMP COMPRESSOR PART LOAD RATIO, Frequency=Hourly
   ************* Key=*, VarName=ZONE PACKAGED TERMINAL AIR CONDITIONER TOTAL HEATING RATE, Frequency=Hourly
   ************* Key=*, VarName=ZONE PACKAGED TERMINAL AIR CONDITIONER TOTAL COOLING RATE, Frequency=Hourly
   ************* Key=*, VarName=BASEBOARD ELECTRICITY RATE, Frequency=Hourly
   ************* Key=*, VarName=BASEBOARD TOTAL HEATING RATE, Frequency=Hourly
   ************* Key=*, VarName=ZONE VRF AIR TERMINAL COOLING ELECTRICITY RATE, Frequency=Hourly
   ************* Key=*, VarName=ZONE VRF AIR TERMINAL TOTAL COOLING RATE, Frequency=Hourly
   ************* Key=*, VarName=ZONE VRF AIR TERMINAL SENSIBLE COOLING RATE, Frequency=Hourly
   ************* Key=*, VarName=ZONE VRF AIR TERMINAL LATENT COOLING RATE, Frequency=Hourly
   ************* Key=*, VarName=ZONE VRF AIR TERMINAL HEATING ELECTRICITY RATE, Frequency=Hourly
   ************* Key=*, VarName=ZONE VRF AIR TERMINAL TOTAL HEATING RATE, Frequency=Hourly
   ************* Key=*, VarName=ZONE VRF AIR TERMINAL SENSIBLE HEATING RATE, Frequency=Hourly
   ************* Key=*, VarName=ZONE VRF AIR TERMINAL LATENT HEATING RATE, Frequency=Hourly
   ************* Key=*, VarName=ZONE VRF AIR TERMINAL FAN AVAILABILITY STATUS, Frequency=Hourly
   ************* Key=*, VarName=ZONE RADIANT HVAC HEATING RATE, Frequency=Hourly
   ************* Key=*, VarName=ZONE RADIANT HVAC COOLING RATE, Frequency=Hourly
   ************* Key=*, VarName=ZONE RADIANT HVAC MASS FLOW RATE, Frequency=Hourly
   ************* Key=*, VarName=ZONE RADIANT HVAC INLET TEMPERATURE, Frequency=Hourly
   ************* Key=*, VarName=ZONE RADIANT HVAC OUTLET TEMPERATURE, Frequency=Hourly
   ************* Key=*, VarName=ZONE RADIANT HVAC ELECTRICITY RATE, Frequency=Hourly
   ************* Key=HP1 Mixed Air Node, VarName=SYSTEM NODE TEMPERATURE, Frequency=Hourly
   ************* Key=HP2/3 Mixed Air Node, VarName=SYSTEM NODE TEMPERATURE, Frequency=Hourly
   ************* Key=HP4 Mixed Air Node, VarName=SYSTEM NODE TEMPERATURE, Frequency=Hourly
   ************* Key=HP1 Mixed Air Node, VarName=SYSTEM NODE STANDARD DENSITY VOLUME FLOW RATE, Frequency=Hourly
   ************* Key=HP2/3 Mixed Air Node, VarName=SYSTEM NODE STANDARD DENSITY VOLUME FLOW RATE, Frequency=Hourly
   ************* Key=HP4 Mixed Air Node, VarName=SYSTEM NODE STANDARD DENSITY VOLUME FLOW RATE, Frequency=Hourly
   ************* Key=HP1 Relief Air Node, VarName=SYSTEM NODE TEMPERATURE, Frequency=Hourly
   ************* Key=HP2/3 Relief Air Node, VarName=SYSTEM NODE TEMPERATURE, Frequency=Hourly
   ************* Key=HP4 Relief Air Node, VarName=SYSTEM NODE TEMPERATURE, Frequency=Hourly
   ************* Key=HP1 Relief Air Node, VarName=SYSTEM NODE STANDARD DENSITY VOLUME FLOW RATE, Frequency=Hourly
   ************* Key=HP2/3 Relief Air Node, VarName=SYSTEM NODE STANDARD DENSITY VOLUME FLOW RATE, Frequency=Hourly
   ************* Key=HP4 Relief Air Node, VarName=SYSTEM NODE STANDARD DENSITY VOLUME FLOW RATE, Frequency=Hourly
   ************* Key=HP1 OA Node, VarName=SYSTEM NODE TEMPERATURE, Frequency=Hourly
   ************* Key=HP2/3 OA Node, VarName=SYSTEM NODE TEMPERATURE, Frequency=Hourly
   ************* Key=HP4 OA Node, VarName=SYSTEM NODE TEMPERATURE, Frequency=Hourly
   ************* Key=HP1 OA Node, VarName=SYSTEM NODE STANDARD DENSITY VOLUME FLOW RATE, Frequency=Hourly
   ************* Key=HP2/3 OA Node, VarName=SYSTEM NODE STANDARD DENSITY VOLUME FLOW RATE, Frequency=Hourly
   ************* Key=HP4 OA Node, VarName=SYSTEM NODE STANDARD DENSITY VOLUME FLOW RATE, Frequency=Hourly
   ************* Key=*, VarName=FLUID HEAT EXCHANGER HEAT TRANSFER RATE, Frequency=Hourly
   ************* Key=*, VarName=FLUID HEAT EXCHANGER LOOP SUPPLY SIDE INLET TEMPERATURE, Frequency=Hourly
   ************* Key=*, VarName=FLUID HEAT EXCHANGER LOOP SUPPLY SIDE OUTLET TEMPERATURE, Frequency=Hourly
   ************* Key=*, VarName=FLUID HEAT EXCHANGER LOOP DEMAND SIDE INLET TEMPERATURE, Frequency=Hourly
   ************* Key=*, VarName=FLUID HEAT EXCHANGER LOOP DEMAND SIDE OUTLET TEMPERATURE, Frequency=Hourly
   ************* Key=*, VarName=FLUID HEAT EXCHANGER OPERATION STATUS, Frequency=Hourly
   ************* There are 3 unused objects in input.
   ************* Use Output:Diagnostics,DisplayUnusedObjects; to see them.
   ************* There are 8 unused schedules in input.
   ************* Use Output:Diagnostics,DisplayUnusedSchedules; to see them.
   *************
   ************* ===== Recurring Error Summary =====
   ************* The following recurring error messages occurred.
   *************
   *************  ** Warning ** Calculated Relative Humidity out of range (PsyRhFnTdbWPb)
   *************  **   ~~~   **   This error occurred 46 total times;
   *************  **   ~~~   **   during Warmup 0 times;
   *************  **   ~~~   **   during Sizing 0 times.
   *************  **   ~~~   **   Max=112.224541 %  Min=101.027112 %
   *************
   *************  ** Warning ** "L02-211_RESTCOMLINCD WATER USE EQUIPMENT" - Target water temperature should be less than or equal to the hot water temperature error continues...
   *************  **   ~~~   **   This error occurred 597151 total times;
   *************  **   ~~~   **   during Warmup 0 times;
   *************  **   ~~~   **   during Sizing 0 times.
   *************  **   ~~~   **   Max=1.955435  Min=0.111174
   *************
   *************  ** Warning ** "L02-208_RESTCOMLINCD WATER USE EQUIPMENT" - Target water temperature should be less than or equal to the hot water temperature error continues...
   *************  **   ~~~   **   This error occurred 597151 total times;
   *************  **   ~~~   **   during Warmup 0 times;
   *************  **   ~~~   **   during Sizing 0 times.
   *************  **   ~~~   **   Max=1.955435  Min=0.111174
   *************
   *************  ** Warning ** Controller:OutdoorAir="ERV-1 OACONTROL": Min OA fraction > Mechanical ventilation OA fraction, continues...
   *************  **   ~~~   **   This error occurred 94541 total times;
   *************  **   ~~~   **   during Warmup 0 times;
   *************  **   ~~~   **   during Sizing 0 times.
   *************  **   ~~~   **   Max=1.000000  Min=1.000000
   *************
   *************
   ************* ===== Final Error Summary =====
   ************* The following error categories occurred.  Consider correcting or noting.
   ************* Nominally Unused Constructions
   ************* ..The nominally unused constructions warning is provided to alert you to potential conditions that can cause
   ************* ..extra time during simulation. Each construction is calculated by the algorithm indicated in the HeatBalanceAlgorithm
   ************* ..object. You may remove the constructions indicated (when you use the DisplayExtraWarnings option).
   *************
   ************* EnergyPlus Warmup Error Summary. During Warmup: 0 Warning; 0 Severe Errors.
   ************* EnergyPlus Sizing Error Summary. During Sizing: 7 Warning; 0 Severe Errors.
   ************* EnergyPlus Completed Successfully-- 1289053 Warning; 1 Severe Errors; Elapsed Time=00hr 00min 27.91sec
