Program Version,EnergyPlus, Version 25.1.0-1c11a3d85f, YMD=2026.05.26 12:41,
   ** Warning ** ProcessScheduleInput: Schedule:Day:Interval = L02-208_RESTCOMLINCD TARGET SHW TEMP DEFAULT DAY
   **   ~~~   ** Schedule Type Limits Name is empty.
   **   ~~~   ** Schedule will not be validated.
   ** Warning ** ProcessScheduleInput: Schedule:Day:Interval = L02-211_RESTCOMLINCD TARGET SHW TEMP DEFAULT DAY
   **   ~~~   ** Schedule Type Limits Name is empty.
   **   ~~~   ** Schedule will not be validated.
   ** Warning ** ProcessScheduleInput: Schedule:Year = L02-208_RESTCOMLINCD TARGET SHW TEMP
   **   ~~~   ** Schedule Type Limits Name is empty.
   **   ~~~   ** Schedule will not be validated.
   ** Warning ** ProcessScheduleInput: Schedule:Year = L02-211_RESTCOMLINCD TARGET SHW TEMP
   **   ~~~   ** Schedule Type Limits Name is empty.
   **   ~~~   ** Schedule will not be validated.
   ************* Beginning Zone Sizing Calculations
   ** Warning ** CalculateZoneVolume: 1 zone is not fully enclosed. For more details use:  Output:Diagnostics,DisplayExtrawarnings; 
   ** Warning ** DetermineShadowingCombinations: There are 2 surfaces which are receiving surfaces and are non-convex.
   **   ~~~   ** ...Shadowing values may be inaccurate. Check .shd report file for more surface shading details
   **   ~~~   ** ...Add Output:Diagnostics,DisplayExtraWarnings; to see individual warnings for each surface.
   ** Severe  ** DetermineShadowingCombinations: There are 1 surfaces which are casting surfaces and are non-convex.
   **   ~~~   ** ...Shadowing values may be inaccurate. Check .shd report file for more surface shading details
   **   ~~~   ** ...Add Output:Diagnostics,DisplayExtraWarnings; to see individual severes for each surface.
   ** Warning ** GetSimpleAirModelInputs: ZoneInfiltration:DesignFlowRate="L02-218_MECHCOMLPTHP SPACE INFILTRATION DESIGN FLOW RATE 1", Design Flow Rate Calculation Method specifies Flow Rate per Exterior Surface Area, but Exterior Wall Area = 0.  0 Infiltration will result.
   ************* Beginning System Sizing Calculations
   ************* Beginning Plant Sizing Calculations
   ** Warning ** GetOAControllerInputs: Controller:MechanicalVentilation="BASESYS3 OACTRL MECH VENT CONTROLLER"
   **   ~~~   ** Cannot locate a matching DesignSpecification:ZoneAirDistribution object for Zone="THERMAL ZONE: L01-102_OFCECOMLPTHP".
   **   ~~~   ** Using default zone air distribution effectiveness of 1.0 for heating and cooling.
   ** Warning ** GetOAControllerInputs: Controller:MechanicalVentilation="BASESYS3 OACTRL-10 MECH VENT CONTROLLER"
   **   ~~~   ** Cannot locate a matching DesignSpecification:ZoneAirDistribution object for Zone="THERMAL ZONE: L02-204_FITNCOMLPTHP".
   **   ~~~   ** Using default zone air distribution effectiveness of 1.0 for heating and cooling.
   ** Warning ** GetOAControllerInputs: Controller:MechanicalVentilation="BASESYS3 OACTRL-2 MECH VENT CONTROLLER"
   **   ~~~   ** Cannot locate a matching DesignSpecification:ZoneAirDistribution object for Zone="THERMAL ZONE: L02-214_ASTOCOMLPTHP".
   **   ~~~   ** Using default zone air distribution effectiveness of 1.0 for heating and cooling.
   ** Warning ** GetOAControllerInputs: Controller:MechanicalVentilation="BASESYS3 OACTRL-3 MECH VENT CONTROLLER"
   **   ~~~   ** Cannot locate a matching DesignSpecification:ZoneAirDistribution object for Zone="THERMAL ZONE: L02-209_ASTOCOMLPTHP".
   **   ~~~   ** Using default zone air distribution effectiveness of 1.0 for heating and cooling.
   ** Warning ** GetOAControllerInputs: Controller:MechanicalVentilation="BASESYS3 OACTRL-4 MECH VENT CONTROLLER"
   **   ~~~   ** Cannot locate a matching DesignSpecification:ZoneAirDistribution object for Zone="THERMAL ZONE: L02-216_MPRPCOMLPTHP".
   **   ~~~   ** Using default zone air distribution effectiveness of 1.0 for heating and cooling.
   ** Warning ** GetOAControllerInputs: Controller:MechanicalVentilation="BASESYS3 OACTRL-5 MECH VENT CONTROLLER"
   **   ~~~   ** Cannot locate a matching DesignSpecification:ZoneAirDistribution object for Zone="THERMAL ZONE: L02-206_MPRPCOMLPTHP".
   **   ~~~   ** Using default zone air distribution effectiveness of 1.0 for heating and cooling.
   ** Warning ** GetOAControllerInputs: Controller:MechanicalVentilation="BASESYS3 OACTRL-6 MECH VENT CONTROLLER"
   **   ~~~   ** Cannot locate a matching DesignSpecification:ZoneAirDistribution object for Zone="THERMAL ZONE: L02-201_CORRCOMLPTHP".
   **   ~~~   ** Using default zone air distribution effectiveness of 1.0 for heating and cooling.
   ** Warning ** GetOAControllerInputs: Controller:MechanicalVentilation="BASESYS3 OACTRL-7 MECH VENT CONTROLLER"
   **   ~~~   ** Cannot locate a matching DesignSpecification:ZoneAirDistribution object for Zone="THERMAL ZONE: L02-218_MECHCOMLPTHP".
   **   ~~~   ** Using default zone air distribution effectiveness of 1.0 for heating and cooling.
   ** Warning ** GetOAControllerInputs: Controller:MechanicalVentilation="BASESYS3 OACTRL-8 MECH VENT CONTROLLER"
   **   ~~~   ** Cannot locate a matching DesignSpecification:ZoneAirDistribution object for Zone="THERMAL ZONE: L02-202_OFCECOMLPTHP".
   **   ~~~   ** Using default zone air distribution effectiveness of 1.0 for heating and cooling.
   ** Warning ** GetOAControllerInputs: Controller:MechanicalVentilation="BASESYS3 OACTRL-9 MECH VENT CONTROLLER"
   **   ~~~   ** Cannot locate a matching DesignSpecification:ZoneAirDistribution object for Zone="THERMAL ZONE: L02-203_BRKRCOMLPTHP".
   **   ~~~   ** Using default zone air distribution effectiveness of 1.0 for heating and cooling.
   ** Warning ** The Standard Ratings is calculated for Coil:Cooling:DX:SingleSpeed = BASESYS3 COILCLG but not at the AHRI test condition due to curve out of bound.
   **   ~~~   **  Review the Standard Ratings calculations in the Engineering Reference for this coil type. Also, use Output:Diagnostics, DisplayExtraWarnings for further guidance.
   ** Warning ** The Standard Ratings is calculated for Coil:Cooling:DX:SingleSpeed = BASESYS3 COILCLG-10 but not at the AHRI test condition due to curve out of bound.
   **   ~~~   **  Review the Standard Ratings calculations in the Engineering Reference for this coil type. Also, use Output:Diagnostics, DisplayExtraWarnings for further guidance.
   ** Warning ** The Standard Ratings is calculated for Coil:Cooling:DX:SingleSpeed = BASESYS3 COILCLG-2 but not at the AHRI test condition due to curve out of bound.
   **   ~~~   **  Review the Standard Ratings calculations in the Engineering Reference for this coil type. Also, use Output:Diagnostics, DisplayExtraWarnings for further guidance.
   ** Warning ** The Standard Ratings is calculated for Coil:Cooling:DX:SingleSpeed = BASESYS3 COILCLG-3 but not at the AHRI test condition due to curve out of bound.
   **   ~~~   **  Review the Standard Ratings calculations in the Engineering Reference for this coil type. Also, use Output:Diagnostics, DisplayExtraWarnings for further guidance.
   ** Warning ** The Standard Ratings is calculated for Coil:Cooling:DX:SingleSpeed = BASESYS3 COILCLG-4 but not at the AHRI test condition due to curve out of bound.
   **   ~~~   **  Review the Standard Ratings calculations in the Engineering Reference for this coil type. Also, use Output:Diagnostics, DisplayExtraWarnings for further guidance.
   ** Warning ** The Standard Ratings is calculated for Coil:Cooling:DX:SingleSpeed = BASESYS3 COILCLG-5 but not at the AHRI test condition due to curve out of bound.
   **   ~~~   **  Review the Standard Ratings calculations in the Engineering Reference for this coil type. Also, use Output:Diagnostics, DisplayExtraWarnings for further guidance.
   ** Warning ** The Standard Ratings is calculated for Coil:Cooling:DX:SingleSpeed = BASESYS3 COILCLG-6 but not at the AHRI test condition due to curve out of bound.
   **   ~~~   **  Review the Standard Ratings calculations in the Engineering Reference for this coil type. Also, use Output:Diagnostics, DisplayExtraWarnings for further guidance.
   ** Warning ** The Standard Ratings is calculated for Coil:Cooling:DX:SingleSpeed = BASESYS3 COILCLG-7 but not at the AHRI test condition due to curve out of bound.
   **   ~~~   **  Review the Standard Ratings calculations in the Engineering Reference for this coil type. Also, use Output:Diagnostics, DisplayExtraWarnings for further guidance.
   ** Warning ** The Standard Ratings is calculated for Coil:Cooling:DX:SingleSpeed = BASESYS3 COILCLG-8 but not at the AHRI test condition due to curve out of bound.
   **   ~~~   **  Review the Standard Ratings calculations in the Engineering Reference for this coil type. Also, use Output:Diagnostics, DisplayExtraWarnings for further guidance.
   ** Warning ** The Standard Ratings is calculated for Coil:Cooling:DX:SingleSpeed = BASESYS3 COILCLG-9 but not at the AHRI test condition due to curve out of bound.
   **   ~~~   **  Review the Standard Ratings calculations in the Engineering Reference for this coil type. Also, use Output:Diagnostics, DisplayExtraWarnings for further guidance.
   ** Warning ** Check input. Pump nominal power or motor efficiency is set to 0, for pump=BASEGASSHWSYSTEM PUMP
   ** Warning ** Output:Meter:MeterFileOnly: invalid Key Name="CHILLERS:COAL" - not found.
   ** Warning ** Output:Meter:MeterFileOnly: invalid Key Name="CHILLERS:DISTRICTCOOLING" - not found.
   ** Warning ** Output:Meter:MeterFileOnly: invalid Key Name="CHILLERS:DISTRICTHEATINGWATER" - not found.
   ** Warning ** Output:Meter:MeterFileOnly: invalid Key Name="CHILLERS:ELECTRICITY" - not found.
   ** Warning ** Output:Meter:MeterFileOnly: invalid Key Name="CHILLERS:NATURALGAS" - not found.
   ** Warning ** Output:Meter:MeterFileOnly: invalid Key Name="COGENERATION:COAL" - not found.
   ** Warning ** Output:Meter:MeterFileOnly: invalid Key Name="COGENERATION:DISTRICTCOOLING" - not found.
   ** Warning ** Output:Meter:MeterFileOnly: invalid Key Name="COGENERATION:DISTRICTHEATINGWATER" - not found.
   ** Warning ** Output:Meter:MeterFileOnly: invalid Key Name="COGENERATION:ELECTRICITY" - not found.
   ** Warning ** Output:Meter:MeterFileOnly: invalid Key Name="COGENERATION:NATURALGAS" - not found.
   ** Warning ** Output:Meter:MeterFileOnly: invalid Key Name="COOLING:COAL" - not found.
   ** Warning ** Output:Meter:MeterFileOnly: invalid Key Name="COOLING:DISTRICTCOOLING" - not found.
   ** Warning ** Output:Meter:MeterFileOnly: invalid Key Name="COOLING:DISTRICTHEATINGWATER" - not found.
   ** Warning ** Output:Meter:MeterFileOnly: invalid Key Name="COOLING:NATURALGAS" - not found.
   ** Warning ** Output:Meter:MeterFileOnly: invalid Key Name="EXTERIOREQUIPMENT:COAL" - not found.
   ** Warning ** Output:Meter:MeterFileOnly: invalid Key Name="EXTERIOREQUIPMENT:DISTRICTCOOLING" - not found.
   ** Warning ** Output:Meter:MeterFileOnly: invalid Key Name="EXTERIOREQUIPMENT:DISTRICTHEATINGWATER" - not found.
   ** Warning ** Output:Meter:MeterFileOnly: invalid Key Name="EXTERIOREQUIPMENT:ELECTRICITY" - not found.
   ** Warning ** Output:Meter:MeterFileOnly: invalid Key Name="EXTERIOREQUIPMENT:NATURALGAS" - not found.
   ** Warning ** Output:Meter:MeterFileOnly: invalid Key Name="EXTERIORLIGHTS:COAL" - not found.
   ** Warning ** Output:Meter:MeterFileOnly: invalid Key Name="EXTERIORLIGHTS:DISTRICTCOOLING" - not found.
   ** Warning ** Output:Meter:MeterFileOnly: invalid Key Name="EXTERIORLIGHTS:DISTRICTHEATINGWATER" - not found.
   ** Warning ** Output:Meter:MeterFileOnly: invalid Key Name="EXTERIORLIGHTS:ELECTRICITY" - not found.
   ** Warning ** Output:Meter:MeterFileOnly: invalid Key Name="EXTERIORLIGHTS:NATURALGAS" - not found.
   ** Warning ** Output:Meter:MeterFileOnly: invalid Key Name="FANS:COAL" - not found.
   ** Warning ** Output:Meter:MeterFileOnly: invalid Key Name="FANS:DISTRICTCOOLING" - not found.
   ** Warning ** Output:Meter:MeterFileOnly: invalid Key Name="FANS:DISTRICTHEATINGWATER" - not found.
   ** Warning ** Output:Meter:MeterFileOnly: invalid Key Name="FANS:NATURALGAS" - not found.
   ** Warning ** Output:Meter:MeterFileOnly: invalid Key Name="HEATING:COAL" - not found.
   ** Warning ** Output:Meter:MeterFileOnly: invalid Key Name="HEATING:DISTRICTCOOLING" - not found.
   ** Warning ** Output:Meter:MeterFileOnly: invalid Key Name="HEATING:DISTRICTHEATINGWATER" - not found.
   ** Warning ** Output:Meter:MeterFileOnly: invalid Key Name="HEATRECOVERY:COAL" - not found.
   ** Warning ** Output:Meter:MeterFileOnly: invalid Key Name="HEATRECOVERY:DISTRICTCOOLING" - not found.
   ** Warning ** Output:Meter:MeterFileOnly: invalid Key Name="HEATRECOVERY:DISTRICTHEATINGWATER" - not found.
   ** Warning ** Output:Meter:MeterFileOnly: invalid Key Name="HEATRECOVERY:ELECTRICITY" - not found.
   ** Warning ** Output:Meter:MeterFileOnly: invalid Key Name="HEATRECOVERY:NATURALGAS" - not found.
   ** Warning ** Output:Meter:MeterFileOnly: invalid Key Name="HEATREJECTION:COAL" - not found.
   ** Warning ** Output:Meter:MeterFileOnly: invalid Key Name="HEATREJECTION:DISTRICTCOOLING" - not found.
   ** Warning ** Output:Meter:MeterFileOnly: invalid Key Name="HEATREJECTION:DISTRICTHEATINGWATER" - not found.
   ** Warning ** Output:Meter:MeterFileOnly: invalid Key Name="HEATREJECTION:ELECTRICITY" - not found.
   ** Warning ** Output:Meter:MeterFileOnly: invalid Key Name="HEATREJECTION:NATURALGAS" - not found.
   ** Warning ** Output:Meter:MeterFileOnly: invalid Key Name="HUMIDIFIER:COAL" - not found.
   ** Warning ** Output:Meter:MeterFileOnly: invalid Key Name="HUMIDIFIER:DISTRICTCOOLING" - not found.
   ** Warning ** Output:Meter:MeterFileOnly: invalid Key Name="HUMIDIFIER:DISTRICTHEATINGWATER" - not found.
   ** Warning ** Output:Meter:MeterFileOnly: invalid Key Name="HUMIDIFIER:ELECTRICITY" - not found.
   ** Warning ** Output:Meter:MeterFileOnly: invalid Key Name="HUMIDIFIER:NATURALGAS" - not found.
   ** Warning ** Output:Meter:MeterFileOnly: invalid Key Name="INTERIOREQUIPMENT:COAL" - not found.
   ** Warning ** Output:Meter:MeterFileOnly: invalid Key Name="INTERIOREQUIPMENT:DISTRICTCOOLING" - not found.
   ** Warning ** Output:Meter:MeterFileOnly: invalid Key Name="INTERIOREQUIPMENT:DISTRICTHEATINGWATER" - not found.
   ** Warning ** Output:Meter:MeterFileOnly: invalid Key Name="INTERIOREQUIPMENT:NATURALGAS" - not found.
   ** Warning ** Output:Meter:MeterFileOnly: invalid Key Name="INTERIORLIGHTS:COAL" - not found.
   ** Warning ** Output:Meter:MeterFileOnly: invalid Key Name="INTERIORLIGHTS:DISTRICTCOOLING" - not found.
   ** Warning ** Output:Meter:MeterFileOnly: invalid Key Name="INTERIORLIGHTS:DISTRICTHEATINGWATER" - not found.
   ** Warning ** Output:Meter:MeterFileOnly: invalid Key Name="INTERIORLIGHTS:NATURALGAS" - not found.
   ** Warning ** Output:Meter:MeterFileOnly: invalid Key Name="NONCOMPLIANCELTG:INTERIORLIGHTS:ELECTRICITY" - not found.
   ** Warning ** Output:Meter:MeterFileOnly: invalid Key Name="NONREG LTG:EXTERIORLIGHTS:ELECTRICITY" - not found.
   ** Warning ** Output:Meter:MeterFileOnly: invalid Key Name="PROCESS:EXTERIOREQUIPMENT:ELECTRICITY" - not found.
   ** Warning ** Output:Meter:MeterFileOnly: invalid Key Name="PROCESS:EXTERIOREQUIPMENT:NATURALGAS" - not found.
   ** Warning ** Output:Meter:MeterFileOnly: invalid Key Name="PROCESS:INTERIOREQUIPMENT:ELECTRICITY" - not found.
   ** Warning ** Output:Meter:MeterFileOnly: invalid Key Name="PROCESS:INTERIOREQUIPMENT:NATURALGAS" - not found.
   ** Warning ** Output:Meter:MeterFileOnly: invalid Key Name="PUMPS:COAL" - not found.
   ** Warning ** Output:Meter:MeterFileOnly: invalid Key Name="PUMPS:DISTRICTCOOLING" - not found.
   ** Warning ** Output:Meter:MeterFileOnly: invalid Key Name="PUMPS:DISTRICTHEATINGWATER" - not found.
   ** Warning ** Output:Meter:MeterFileOnly: invalid Key Name="PUMPS:NATURALGAS" - not found.
   ** Warning ** Output:Meter:MeterFileOnly: invalid Key Name="RECEPTACLE:EXTERIOREQUIPMENT:ELECTRICITY" - not found.
   ** Warning ** Output:Meter:MeterFileOnly: invalid Key Name="RECEPTACLE:EXTERIOREQUIPMENT:NATURALGAS" - not found.
   ** Warning ** Output:Meter:MeterFileOnly: invalid Key Name="RECEPTACLE:INTERIOREQUIPMENT:NATURALGAS" - not found.
   ** Warning ** Output:Meter:MeterFileOnly: invalid Key Name="REFRIG:EXTERIOREQUIPMENT:ELECTRICITY" - not found.
   ** Warning ** Output:Meter:MeterFileOnly: invalid Key Name="REFRIG:INTERIOREQUIPMENT:ELECTRICITY" - not found.
   ** Warning ** Output:Meter:MeterFileOnly: invalid Key Name="REFRIGERATION:COAL" - not found.
   ** Warning ** Output:Meter:MeterFileOnly: invalid Key Name="REFRIGERATION:DISTRICTCOOLING" - not found.
   ** Warning ** Output:Meter:MeterFileOnly: invalid Key Name="REFRIGERATION:DISTRICTHEATINGWATER" - not found.
   ** Warning ** Output:Meter:MeterFileOnly: invalid Key Name="REFRIGERATION:ELECTRICITY" - not found.
   ** Warning ** Output:Meter:MeterFileOnly: invalid Key Name="REFRIGERATION:NATURALGAS" - not found.
   ** Warning ** Output:Meter:MeterFileOnly: invalid Key Name="REG LTG:EXTERIORLIGHTS:ELECTRICITY" - not found.
   ** Warning ** Output:Meter:MeterFileOnly: invalid Key Name="WATERSYSTEMS:COAL" - not found.
   ** Warning ** Output:Meter:MeterFileOnly: invalid Key Name="WATERSYSTEMS:DISTRICTCOOLING" - not found.
   ** Warning ** Output:Meter:MeterFileOnly: invalid Key Name="WATERSYSTEMS:DISTRICTHEATINGWATER" - not found.
   ** Warning ** Output:Meter:MeterFileOnly: invalid Key Name="WATERSYSTEMS:ELECTRICITY" - not found.
   ** Warning ** Output:Meter:MeterFileOnly: invalid Key Name="COAL:FACILITY" - not found.
   ** Warning ** Output:Meter:MeterFileOnly: invalid Key Name="DISTRICTCOOLING:FACILITY" - not found.
   ** Warning ** Output:Meter:MeterFileOnly: invalid Key Name="DISTRICTHEATINGWATER:FACILITY" - not found.
   ************* Testing Individual Branch Integrity
   ************* All Branches passed integrity testing
   ************* Testing Individual Supply Air Path Integrity
   ************* All Supply Air Paths passed integrity testing
   ************* Testing Individual Return Air Path Integrity
   ************* All Return Air Paths passed integrity testing
   ************* No node connection errors were found.
   ************* Beginning Simulation
   ** Warning ** CalcEquipmentFlowRates: "L02-211_RESTCOMLINCD WATER USE EQUIPMENT" - Target water temperature is greater than the hot water temperature by (1.21 C)
   **   ~~~   **  Environment=SEATTLE-KING COUNTY INTL AP-B ANN CLG 1% CONDNS DB=>MWB, at Simulation time=07/21 00:00 - 00:15
   **   ~~~   ** ...target water temperature     = 48.89 C
   **   ~~~   ** ...hot water temperature        = 47.68 C
   **   ~~~   ** ...Target water temperature should be less than or equal to the hot water temperature. Verify temperature setpoints and schedules.
   ** Warning ** CalcEquipmentFlowRates: "L02-208_RESTCOMLINCD WATER USE EQUIPMENT" - Target water temperature is greater than the hot water temperature by (1.21 C)
   **   ~~~   **  Environment=SEATTLE-KING COUNTY INTL AP-B ANN CLG 1% CONDNS DB=>MWB, at Simulation time=07/21 00:00 - 00:15
   **   ~~~   ** ...target water temperature     = 48.89 C
   **   ~~~   ** ...hot water temperature        = 47.68 C
   **   ~~~   ** ...Target water temperature should be less than or equal to the hot water temperature. Verify temperature setpoints and schedules.
   ** Warning ** CalcDoe2DXCoil: Coil:Cooling:DX:SingleSpeed "BASESYS3 COILCLG" - Air-cooled condenser inlet dry-bulb temperature below 0 C. Outdoor dry-bulb temperature = -3.40
   **   ~~~   **  ... Occurrence info = SEATTLE-KING COUNTY INTL AP-B ANN HTG 99.6% CONDNS DB, 12/21 00:15 - 00:17
   **   ~~~   ** ... Operation at low ambient temperatures may require special performance curves.
   ** Warning ** CalcDoe2DXCoil: Coil:Cooling:DX:SingleSpeed "BASESYS3 COILCLG-10" - Air-cooled condenser inlet dry-bulb temperature below 0 C. Outdoor dry-bulb temperature = -3.40
   **   ~~~   **  ... Occurrence info = SEATTLE-KING COUNTY INTL AP-B ANN HTG 99.6% CONDNS DB, 12/21 00:15 - 00:17
   **   ~~~   ** ... Operation at low ambient temperatures may require special performance curves.
   ** Warning ** CalcDoe2DXCoil: Coil:Cooling:DX:SingleSpeed "BASESYS3 COILCLG-10" - Full load outlet air dry-bulb temperature < 2C. This indicates the possibility of coil frost/freeze. Outlet temperature = -3.78 C.
   **   ~~~   **  ...Occurrence info = SEATTLE-KING COUNTY INTL AP-B ANN HTG 99.6% CONDNS DB, 12/21 00:15 - 00:17
   **   ~~~   ** ... Possible reasons for low outlet air dry-bulb temperatures are: This DX coil
   **   ~~~   **    1) may have a low inlet air dry-bulb temperature. Inlet air temperature = 8.940 C.
   **   ~~~   **    2) may have a low air flow rate per watt of cooling capacity. Check inputs.
   **   ~~~   **    3) is used as part of a HX assisted cooling coil which uses a high sensible effectiveness. Check inputs.
   ** Warning ** CalcDoe2DXCoil: Coil:Cooling:DX:SingleSpeed "BASESYS3 COILCLG-2" - Air-cooled condenser inlet dry-bulb temperature below 0 C. Outdoor dry-bulb temperature = -3.40
   **   ~~~   **  ... Occurrence info = SEATTLE-KING COUNTY INTL AP-B ANN HTG 99.6% CONDNS DB, 12/21 00:15 - 00:17
   **   ~~~   ** ... Operation at low ambient temperatures may require special performance curves.
   ** Warning ** CalcDoe2DXCoil: Coil:Cooling:DX:SingleSpeed "BASESYS3 COILCLG-2" - Full load outlet air dry-bulb temperature < 2C. This indicates the possibility of coil frost/freeze. Outlet temperature = -0.41 C.
   **   ~~~   **  ...Occurrence info = SEATTLE-KING COUNTY INTL AP-B ANN HTG 99.6% CONDNS DB, 12/21 00:15 - 00:17
   **   ~~~   ** ... Possible reasons for low outlet air dry-bulb temperatures are: This DX coil
   **   ~~~   **    1) may have a low inlet air dry-bulb temperature. Inlet air temperature = 12.604 C.
   **   ~~~   **    2) may have a low air flow rate per watt of cooling capacity. Check inputs.
   **   ~~~   **    3) is used as part of a HX assisted cooling coil which uses a high sensible effectiveness. Check inputs.
   ** Warning ** CalcDoe2DXCoil: Coil:Cooling:DX:SingleSpeed "BASESYS3 COILCLG-3" - Air-cooled condenser inlet dry-bulb temperature below 0 C. Outdoor dry-bulb temperature = -3.40
   **   ~~~   **  ... Occurrence info = SEATTLE-KING COUNTY INTL AP-B ANN HTG 99.6% CONDNS DB, 12/21 00:15 - 00:17
   **   ~~~   ** ... Operation at low ambient temperatures may require special performance curves.
   ** Warning ** CalcDoe2DXCoil: Coil:Cooling:DX:SingleSpeed "BASESYS3 COILCLG-3" - Full load outlet air dry-bulb temperature < 2C. This indicates the possibility of coil frost/freeze. Outlet temperature = -0.97 C.
   **   ~~~   **  ...Occurrence info = SEATTLE-KING COUNTY INTL AP-B ANN HTG 99.6% CONDNS DB, 12/21 00:15 - 00:17
   **   ~~~   ** ... Possible reasons for low outlet air dry-bulb temperatures are: This DX coil
   **   ~~~   **    1) may have a low inlet air dry-bulb temperature. Inlet air temperature = 12.043 C.
   **   ~~~   **    2) may have a low air flow rate per watt of cooling capacity. Check inputs.
   **   ~~~   **    3) is used as part of a HX assisted cooling coil which uses a high sensible effectiveness. Check inputs.
   ** Warning ** CalcDoe2DXCoil: Coil:Cooling:DX:SingleSpeed "BASESYS3 COILCLG-4" - Air-cooled condenser inlet dry-bulb temperature below 0 C. Outdoor dry-bulb temperature = -3.40
   **   ~~~   **  ... Occurrence info = SEATTLE-KING COUNTY INTL AP-B ANN HTG 99.6% CONDNS DB, 12/21 00:15 - 00:17
   **   ~~~   ** ... Operation at low ambient temperatures may require special performance curves.
   ** Warning ** CalcDoe2DXCoil: Coil:Cooling:DX:SingleSpeed "BASESYS3 COILCLG-5" - Air-cooled condenser inlet dry-bulb temperature below 0 C. Outdoor dry-bulb temperature = -3.40
   **   ~~~   **  ... Occurrence info = SEATTLE-KING COUNTY INTL AP-B ANN HTG 99.6% CONDNS DB, 12/21 00:15 - 00:17
   **   ~~~   ** ... Operation at low ambient temperatures may require special performance curves.
   ** Warning ** CalcDoe2DXCoil: Coil:Cooling:DX:SingleSpeed "BASESYS3 COILCLG-6" - Air-cooled condenser inlet dry-bulb temperature below 0 C. Outdoor dry-bulb temperature = -3.40
   **   ~~~   **  ... Occurrence info = SEATTLE-KING COUNTY INTL AP-B ANN HTG 99.6% CONDNS DB, 12/21 00:15 - 00:17
   **   ~~~   ** ... Operation at low ambient temperatures may require special performance curves.
   ** Warning ** CalcDoe2DXCoil: Coil:Cooling:DX:SingleSpeed "BASESYS3 COILCLG-8" - Air-cooled condenser inlet dry-bulb temperature below 0 C. Outdoor dry-bulb temperature = -3.40
   **   ~~~   **  ... Occurrence info = SEATTLE-KING COUNTY INTL AP-B ANN HTG 99.6% CONDNS DB, 12/21 00:15 - 00:17
   **   ~~~   ** ... Operation at low ambient temperatures may require special performance curves.
   ** Warning ** CalcDoe2DXCoil: Coil:Cooling:DX:SingleSpeed "BASESYS3 COILCLG-9" - Air-cooled condenser inlet dry-bulb temperature below 0 C. Outdoor dry-bulb temperature = -3.40
   **   ~~~   **  ... Occurrence info = SEATTLE-KING COUNTY INTL AP-B ANN HTG 99.6% CONDNS DB, 12/21 00:15 - 00:17
   **   ~~~   ** ... Operation at low ambient temperatures may require special performance curves.
   ** Warning ** CalcDoe2DXCoil: Coil:Cooling:DX:SingleSpeed "BASESYS3 COILCLG-9" - Full load outlet air dry-bulb temperature < 2C. This indicates the possibility of coil frost/freeze. Outlet temperature = 1.61 C.
   **   ~~~   **  ...Occurrence info = SEATTLE-KING COUNTY INTL AP-B ANN HTG 99.6% CONDNS DB, 12/21 00:15 - 00:17
   **   ~~~   ** ... Possible reasons for low outlet air dry-bulb temperatures are: This DX coil
   **   ~~~   **    1) may have a low inlet air dry-bulb temperature. Inlet air temperature = 14.623 C.
   **   ~~~   **    2) may have a low air flow rate per watt of cooling capacity. Check inputs.
   **   ~~~   **    3) is used as part of a HX assisted cooling coil which uses a high sensible effectiveness. Check inputs.
   ** Warning ** CalcDoe2DXCoil: Coil:Cooling:DX:SingleSpeed "BASESYS3 COILCLG" - Full load outlet air dry-bulb temperature < 2C. This indicates the possibility of coil frost/freeze. Outlet temperature = 1.48 C.
   **   ~~~   **  ...Occurrence info = SEATTLE-KING COUNTY INTL AP-B ANN HTG 99.6% CONDNS DB, 12/21 00:30 - 00:34
   **   ~~~   ** ... Possible reasons for low outlet air dry-bulb temperatures are: This DX coil
   **   ~~~   **    1) may have a low inlet air dry-bulb temperature. Inlet air temperature = 14.494 C.
   **   ~~~   **    2) may have a low air flow rate per watt of cooling capacity. Check inputs.
   **   ~~~   **    3) is used as part of a HX assisted cooling coil which uses a high sensible effectiveness. Check inputs.
   ** Warning ** CalcDoe2DXCoil: Coil:Cooling:DX:SingleSpeed "BASESYS3 COILCLG-8" - Full load outlet air dry-bulb temperature < 2C. This indicates the possibility of coil frost/freeze. Outlet temperature = 1.55 C.
   **   ~~~   **  ...Occurrence info = SEATTLE-KING COUNTY INTL AP-B ANN HTG 99.6% CONDNS DB, 12/21 00:30 - 00:34
   **   ~~~   ** ... Possible reasons for low outlet air dry-bulb temperatures are: This DX coil
   **   ~~~   **    1) may have a low inlet air dry-bulb temperature. Inlet air temperature = 14.571 C.
   **   ~~~   **    2) may have a low air flow rate per watt of cooling capacity. Check inputs.
   **   ~~~   **    3) is used as part of a HX assisted cooling coil which uses a high sensible effectiveness. Check inputs.
   ** Warning ** CalcDoe2DXCoil: Coil:Cooling:DX:SingleSpeed "BASESYS3 COILCLG-7" - Air-cooled condenser inlet dry-bulb temperature below 0 C. Outdoor dry-bulb temperature = -6.00
   **   ~~~   **  ... Occurrence info = USA_WA_SEATTLE-BOEING.FIELD.727935_TMY3, 01/04 23:25 - 23:28
   **   ~~~   ** ... Operation at low ambient temperatures may require special performance curves.
   ************* Simulation Error Summary *************
   ** Warning ** The following Report Variables were requested but not generated -- check.rdd file
   **   ~~~   ** Either the IDF did not contain these elements, the variable name is misspelled,
   **   ~~~   ** or the requested variable is an advanced output which requires Output : Diagnostics, DisplayAdvancedReportVariables;
   ************* Key=*, VarName=CHILLER CONDENSER HEAT TRANSFER RATE, Frequency=Hourly
   ************* Key=*, VarName=CHILLER ELECTRICITY RATE, Frequency=Hourly
   ************* Key=*, VarName=COOLING TOWER HEAT TRANSFER RATE, Frequency=Hourly
   ************* Key=*, VarName=COOLING TOWER FAN ELECTRICITY RATE, Frequency=Hourly
   ************* Key=*, VarName=BOILER NATURALGAS RATE, Frequency=Hourly
   ************* Key=*, VarName=BOILER ANCILLARY ELECTRICITY RATE, Frequency=Hourly
   ************* Key=*, VarName=CHILLER EVAPORATOR COOLING RATE, Frequency=Hourly
   ************* Key=*, VarName=BOILER HEATING RATE, Frequency=Hourly
   ************* Key=*, VarName=CHILLER EVAPORATOR COOLING RATE, Frequency=Hourly
   ************* Key=*, VarName=COOLING TOWER HEAT TRANSFER RATE, Frequency=Hourly
   ************* Key=*, VarName=BOILER HEATING RATE, Frequency=Hourly
   ************* There are 6 unused schedules in input.
   ************* Use Output:Diagnostics,DisplayUnusedSchedules; to see them.
   *************
   ************* ===== Recurring Error Summary =====
   ************* The following recurring error messages occurred.
   *************
   *************  ** Warning ** "L02-211_RESTCOMLINCD WATER USE EQUIPMENT" - Target water temperature should be less than or equal to the hot water temperature error continues...
   *************  **   ~~~   **   This error occurred 807103 total times;
   *************  **   ~~~   **   during Warmup 0 times;
   *************  **   ~~~   **   during Sizing 0 times.
   *************  **   ~~~   **   Max=1.738378  Min=0.372265
   *************
   *************  ** Warning ** "L02-208_RESTCOMLINCD WATER USE EQUIPMENT" - Target water temperature should be less than or equal to the hot water temperature error continues...
   *************  **   ~~~   **   This error occurred 807103 total times;
   *************  **   ~~~   **   during Warmup 0 times;
   *************  **   ~~~   **   during Sizing 0 times.
   *************  **   ~~~   **   Max=1.738378  Min=0.372265
   *************
   *************  ** Warning ** CalcDoe2DXCoil: Coil:Cooling:DX:SingleSpeed="BASESYS3 COILCLG" - Low condenser dry-bulb temperature error continues...
   *************  **   ~~~   **   This error occurred 4 total times;
   *************  **   ~~~   **   during Warmup 0 times;
   *************  **   ~~~   **   during Sizing 0 times.
   *************  **   ~~~   **   Max=-3.000000 [C]  Min=-3.400000 [C]
   *************
   *************  ** Warning ** CalcDoe2DXCoil: Coil:Cooling:DX:SingleSpeed="BASESYS3 COILCLG-10" - Low condenser dry-bulb temperature error continues...
   *************  **   ~~~   **   This error occurred 6 total times;
   *************  **   ~~~   **   during Warmup 0 times;
   *************  **   ~~~   **   during Sizing 0 times.
   *************  **   ~~~   **   Max=-2.000000 [C]  Min=-6.500000 [C]
   *************
   *************  ** Warning ** CalcDoe2DXCoil: Coil:Cooling:DX:SingleSpeed="BASESYS3 COILCLG-10" - Full load outlet temperature indicates a possibility of frost/freeze error continues. Outlet air temperature statistics follow:
   *************  **   ~~~   **   This error occurred 4 total times;
   *************  **   ~~~   **   during Warmup 0 times;
   *************  **   ~~~   **   during Sizing 0 times.
   *************  **   ~~~   **   Max=1.923228  Min=-3.780408
   *************
   *************  ** Warning ** CalcDoe2DXCoil: Coil:Cooling:DX:SingleSpeed="BASESYS3 COILCLG-2" - Low condenser dry-bulb temperature error continues...
   *************  **   ~~~   **   This error occurred 1 total times;
   *************  **   ~~~   **   during Warmup 0 times;
   *************  **   ~~~   **   during Sizing 0 times.
   *************  **   ~~~   **   Max=-3.400000 [C]  Min=-3.400000 [C]
   *************
   *************  ** Warning ** CalcDoe2DXCoil: Coil:Cooling:DX:SingleSpeed="BASESYS3 COILCLG-2" - Full load outlet temperature indicates a possibility of frost/freeze error continues. Outlet air temperature statistics follow:
   *************  **   ~~~   **   This error occurred 1 total times;
   *************  **   ~~~   **   during Warmup 0 times;
   *************  **   ~~~   **   during Sizing 0 times.
   *************  **   ~~~   **   Max=-0.413038  Min=-0.413038
   *************
   *************  ** Warning ** CalcDoe2DXCoil: Coil:Cooling:DX:SingleSpeed="BASESYS3 COILCLG-3" - Low condenser dry-bulb temperature error continues...
   *************  **   ~~~   **   This error occurred 84 total times;
   *************  **   ~~~   **   during Warmup 0 times;
   *************  **   ~~~   **   during Sizing 0 times.
   *************  **   ~~~   **   Max=-0.500000 [C]  Min=-7.000000 [C]
   *************
   *************  ** Warning ** CalcDoe2DXCoil: Coil:Cooling:DX:SingleSpeed="BASESYS3 COILCLG-3" - Full load outlet temperature indicates a possibility of frost/freeze error continues. Outlet air temperature statistics follow:
   *************  **   ~~~   **   This error occurred 1 total times;
   *************  **   ~~~   **   during Warmup 0 times;
   *************  **   ~~~   **   during Sizing 0 times.
   *************  **   ~~~   **   Max=-0.974380  Min=-0.974380
   *************
   *************  ** Warning ** CalcDoe2DXCoil: Coil:Cooling:DX:SingleSpeed="BASESYS3 COILCLG-4" - Low condenser dry-bulb temperature error continues...
   *************  **   ~~~   **   This error occurred 1 total times;
   *************  **   ~~~   **   during Warmup 0 times;
   *************  **   ~~~   **   during Sizing 0 times.
   *************  **   ~~~   **   Max=-3.400000 [C]  Min=-3.400000 [C]
   *************
   *************  ** Warning ** CalcDoe2DXCoil: Coil:Cooling:DX:SingleSpeed="BASESYS3 COILCLG-5" - Low condenser dry-bulb temperature error continues...
   *************  **   ~~~   **   This error occurred 9 total times;
   *************  **   ~~~   **   during Warmup 0 times;
   *************  **   ~~~   **   during Sizing 0 times.
   *************  **   ~~~   **   Max=-2.500000 [C]  Min=-4.750000 [C]
   *************
   *************  ** Warning ** CalcDoe2DXCoil: Coil:Cooling:DX:SingleSpeed="BASESYS3 COILCLG-6" - Low condenser dry-bulb temperature error continues...
   *************  **   ~~~   **   This error occurred 66 total times;
   *************  **   ~~~   **   during Warmup 0 times;
   *************  **   ~~~   **   during Sizing 0 times.
   *************  **   ~~~   **   Max=-0.250000 [C]  Min=-5.000000 [C]
   *************
   *************  ** Warning ** CalcDoe2DXCoil: Coil:Cooling:DX:SingleSpeed="BASESYS3 COILCLG-8" - Low condenser dry-bulb temperature error continues...
   *************  **   ~~~   **   This error occurred 2 total times;
   *************  **   ~~~   **   during Warmup 0 times;
   *************  **   ~~~   **   during Sizing 0 times.
   *************  **   ~~~   **   Max=-3.400000 [C]  Min=-3.400000 [C]
   *************
   *************  ** Warning ** CalcDoe2DXCoil: Coil:Cooling:DX:SingleSpeed="BASESYS3 COILCLG-9" - Low condenser dry-bulb temperature error continues...
   *************  **   ~~~   **   This error occurred 1 total times;
   *************  **   ~~~   **   during Warmup 0 times;
   *************  **   ~~~   **   during Sizing 0 times.
   *************  **   ~~~   **   Max=-3.400000 [C]  Min=-3.400000 [C]
   *************
   *************  ** Warning ** CalcDoe2DXCoil: Coil:Cooling:DX:SingleSpeed="BASESYS3 COILCLG-9" - Full load outlet temperature indicates a possibility of frost/freeze error continues. Outlet air temperature statistics follow:
   *************  **   ~~~   **   This error occurred 1 total times;
   *************  **   ~~~   **   during Warmup 0 times;
   *************  **   ~~~   **   during Sizing 0 times.
   *************  **   ~~~   **   Max=1.605618  Min=1.605618
   *************
   *************  ** Warning ** CalcDoe2DXCoil: Coil:Cooling:DX:SingleSpeed="BASESYS3 COILCLG" - Full load outlet temperature indicates a possibility of frost/freeze error continues. Outlet air temperature statistics follow:
   *************  **   ~~~   **   This error occurred 1 total times;
   *************  **   ~~~   **   during Warmup 0 times;
   *************  **   ~~~   **   during Sizing 0 times.
   *************  **   ~~~   **   Max=1.477344  Min=1.477344
   *************
   *************  ** Warning ** CalcDoe2DXCoil: Coil:Cooling:DX:SingleSpeed="BASESYS3 COILCLG-8" - Full load outlet temperature indicates a possibility of frost/freeze error continues. Outlet air temperature statistics follow:
   *************  **   ~~~   **   This error occurred 1 total times;
   *************  **   ~~~   **   during Warmup 0 times;
   *************  **   ~~~   **   during Sizing 0 times.
   *************  **   ~~~   **   Max=1.554279  Min=1.554279
   *************
   *************  ** Warning ** CalcDoe2DXCoil: Coil:Cooling:DX:SingleSpeed="BASESYS3 COILCLG-7" - Low condenser dry-bulb temperature error continues...
   *************  **   ~~~   **   This error occurred 39 total times;
   *************  **   ~~~   **   during Warmup 0 times;
   *************  **   ~~~   **   during Sizing 0 times.
   *************  **   ~~~   **   Max=-1.000000 [C]  Min=-7.000000 [C]
   *************
   ************* EnergyPlus Warmup Error Summary. During Warmup: 0 Warning; 0 Severe Errors.
   ************* EnergyPlus Sizing Error Summary. During Sizing: 2 Warning; 0 Severe Errors.
   ************* EnergyPlus Completed Successfully-- 1614541 Warning; 1 Severe Errors; Elapsed Time=00hr 00min 19.52sec
