Program Version,EnergyPlus, Version 25.1.0-1c11a3d85f, YMD=2026.05.26 12:41,
   ** Warning ** ProcessScheduleInput: Schedule:Day:Interval = L02-208_RESTCOMLINCD TARGET SHW TEMP DEFAULT DAY
   **   ~~~   ** Schedule Type Limits Name is empty.
   **   ~~~   ** Schedule will not be validated.
   ** Warning ** ProcessScheduleInput: Schedule:Day:Interval = L02-211_RESTCOMLINCD TARGET SHW TEMP DEFAULT DAY
   **   ~~~   ** Schedule Type Limits Name is empty.
   **   ~~~   ** Schedule will not be validated.
   ** Warning ** ProcessScheduleInput: Schedule:Year = L02-208_RESTCOMLINCD TARGET SHW TEMP
   **   ~~~   ** Schedule Type Limits Name is empty.
   **   ~~~   ** Schedule will not be validated.
   ** Warning ** ProcessScheduleInput: Schedule:Year = L02-211_RESTCOMLINCD TARGET SHW TEMP
   **   ~~~   ** Schedule Type Limits Name is empty.
   **   ~~~   ** Schedule will not be validated.
   ************* Beginning Zone Sizing Calculations
   ** Warning ** CalculateZoneVolume: 1 zone is not fully enclosed. For more details use:  Output:Diagnostics,DisplayExtrawarnings; 
   ** Warning ** DetermineShadowingCombinations: There are 2 surfaces which are receiving surfaces and are non-convex.
   **   ~~~   ** ...Shadowing values may be inaccurate. Check .shd report file for more surface shading details
   **   ~~~   ** ...Add Output:Diagnostics,DisplayExtraWarnings; to see individual warnings for each surface.
   ** Severe  ** DetermineShadowingCombinations: There are 1 surfaces which are casting surfaces and are non-convex.
   **   ~~~   ** ...Shadowing values may be inaccurate. Check .shd report file for more surface shading details
   **   ~~~   ** ...Add Output:Diagnostics,DisplayExtraWarnings; to see individual severes for each surface.
   ** Warning ** GetSimpleAirModelInputs: ZoneInfiltration:DesignFlowRate="L02-218_MECHCOMLPTHP SPACE INFILTRATION DESIGN FLOW RATE 1", Design Flow Rate Calculation Method specifies Flow Rate per Exterior Surface Area, but Exterior Wall Area = 0.  0 Infiltration will result.
   ************* Beginning System Sizing Calculations
   ************* Beginning Plant Sizing Calculations
   ** Warning ** GetOAControllerInputs: Controller:MechanicalVentilation="BASESYS3 OACTRL MECH VENT CONTROLLER"
   **   ~~~   ** Cannot locate a matching DesignSpecification:ZoneAirDistribution object for Zone="THERMAL ZONE: L01-102_OFCECOMLPTHP".
   **   ~~~   ** Using default zone air distribution effectiveness of 1.0 for heating and cooling.
   ** Warning ** GetOAControllerInputs: Controller:MechanicalVentilation="BASESYS3 OACTRL-10 MECH VENT CONTROLLER"
   **   ~~~   ** Cannot locate a matching DesignSpecification:ZoneAirDistribution object for Zone="THERMAL ZONE: L02-204_FITNCOMLPTHP".
   **   ~~~   ** Using default zone air distribution effectiveness of 1.0 for heating and cooling.
   ** Warning ** GetOAControllerInputs: Controller:MechanicalVentilation="BASESYS3 OACTRL-2 MECH VENT CONTROLLER"
   **   ~~~   ** Cannot locate a matching DesignSpecification:ZoneAirDistribution object for Zone="THERMAL ZONE: L02-214_ASTOCOMLPTHP".
   **   ~~~   ** Using default zone air distribution effectiveness of 1.0 for heating and cooling.
   ** Warning ** GetOAControllerInputs: Controller:MechanicalVentilation="BASESYS3 OACTRL-3 MECH VENT CONTROLLER"
   **   ~~~   ** Cannot locate a matching DesignSpecification:ZoneAirDistribution object for Zone="THERMAL ZONE: L02-209_ASTOCOMLPTHP".
   **   ~~~   ** Using default zone air distribution effectiveness of 1.0 for heating and cooling.
   ** Warning ** GetOAControllerInputs: Controller:MechanicalVentilation="BASESYS3 OACTRL-4 MECH VENT CONTROLLER"
   **   ~~~   ** Cannot locate a matching DesignSpecification:ZoneAirDistribution object for Zone="THERMAL ZONE: L02-216_MPRPCOMLPTHP".
   **   ~~~   ** Using default zone air distribution effectiveness of 1.0 for heating and cooling.
   ** Warning ** GetOAControllerInputs: Controller:MechanicalVentilation="BASESYS3 OACTRL-5 MECH VENT CONTROLLER"
   **   ~~~   ** Cannot locate a matching DesignSpecification:ZoneAirDistribution object for Zone="THERMAL ZONE: L02-206_MPRPCOMLPTHP".
   **   ~~~   ** Using default zone air distribution effectiveness of 1.0 for heating and cooling.
   ** Warning ** GetOAControllerInputs: Controller:MechanicalVentilation="BASESYS3 OACTRL-6 MECH VENT CONTROLLER"
   **   ~~~   ** Cannot locate a matching DesignSpecification:ZoneAirDistribution object for Zone="THERMAL ZONE: L02-201_CORRCOMLPTHP".
   **   ~~~   ** Using default zone air distribution effectiveness of 1.0 for heating and cooling.
   ** Warning ** GetOAControllerInputs: Controller:MechanicalVentilation="BASESYS3 OACTRL-7 MECH VENT CONTROLLER"
   **   ~~~   ** Cannot locate a matching DesignSpecification:ZoneAirDistribution object for Zone="THERMAL ZONE: L02-218_MECHCOMLPTHP".
   **   ~~~   ** Using default zone air distribution effectiveness of 1.0 for heating and cooling.
   ** Warning ** GetOAControllerInputs: Controller:MechanicalVentilation="BASESYS3 OACTRL-8 MECH VENT CONTROLLER"
   **   ~~~   ** Cannot locate a matching DesignSpecification:ZoneAirDistribution object for Zone="THERMAL ZONE: L02-202_OFCECOMLPTHP".
   **   ~~~   ** Using default zone air distribution effectiveness of 1.0 for heating and cooling.
   ** Warning ** GetOAControllerInputs: Controller:MechanicalVentilation="BASESYS3 OACTRL-9 MECH VENT CONTROLLER"
   **   ~~~   ** Cannot locate a matching DesignSpecification:ZoneAirDistribution object for Zone="THERMAL ZONE: L02-203_BRKRCOMLPTHP".
   **   ~~~   ** Using default zone air distribution effectiveness of 1.0 for heating and cooling.
   ** Warning ** The Standard Ratings is calculated for Coil:Cooling:DX:SingleSpeed = BASESYS3 COILCLG but not at the AHRI test condition due to curve out of bound.
   **   ~~~   **  Review the Standard Ratings calculations in the Engineering Reference for this coil type. Also, use Output:Diagnostics, DisplayExtraWarnings for further guidance.
   ** Warning ** The Standard Ratings is calculated for Coil:Cooling:DX:SingleSpeed = BASESYS3 COILCLG-10 but not at the AHRI test condition due to curve out of bound.
   **   ~~~   **  Review the Standard Ratings calculations in the Engineering Reference for this coil type. Also, use Output:Diagnostics, DisplayExtraWarnings for further guidance.
   ** Warning ** The Standard Ratings is calculated for Coil:Cooling:DX:SingleSpeed = BASESYS3 COILCLG-2 but not at the AHRI test condition due to curve out of bound.
   **   ~~~   **  Review the Standard Ratings calculations in the Engineering Reference for this coil type. Also, use Output:Diagnostics, DisplayExtraWarnings for further guidance.
   ** Warning ** The Standard Ratings is calculated for Coil:Cooling:DX:SingleSpeed = BASESYS3 COILCLG-3 but not at the AHRI test condition due to curve out of bound.
   **   ~~~   **  Review the Standard Ratings calculations in the Engineering Reference for this coil type. Also, use Output:Diagnostics, DisplayExtraWarnings for further guidance.
   ** Warning ** The Standard Ratings is calculated for Coil:Cooling:DX:SingleSpeed = BASESYS3 COILCLG-4 but not at the AHRI test condition due to curve out of bound.
   **   ~~~   **  Review the Standard Ratings calculations in the Engineering Reference for this coil type. Also, use Output:Diagnostics, DisplayExtraWarnings for further guidance.
   ** Warning ** The Standard Ratings is calculated for Coil:Cooling:DX:SingleSpeed = BASESYS3 COILCLG-5 but not at the AHRI test condition due to curve out of bound.
   **   ~~~   **  Review the Standard Ratings calculations in the Engineering Reference for this coil type. Also, use Output:Diagnostics, DisplayExtraWarnings for further guidance.
   ** Warning ** InitOAController: Maximum Outdoor Air Flow Rate for Controller:OutdoorAir=BASESYS3 OACTRL-6 is greater than Design Supply Air Flow Rate for AirLoopHVAC=BASEAIRSYS3-6.
   **   ~~~   ** ...Maximum Outdoor Air Flow Rate=0.904528 will be reset to loop Design Supply Air Flow Rate=0.904426
   ** Warning ** The Standard Ratings is calculated for Coil:Cooling:DX:SingleSpeed = BASESYS3 COILCLG-6 but not at the AHRI test condition due to curve out of bound.
   **   ~~~   **  Review the Standard Ratings calculations in the Engineering Reference for this coil type. Also, use Output:Diagnostics, DisplayExtraWarnings for further guidance.
   ** Warning ** The Standard Ratings is calculated for Coil:Cooling:DX:SingleSpeed = BASESYS3 COILCLG-7 but not at the AHRI test condition due to curve out of bound.
   **   ~~~   **  Review the Standard Ratings calculations in the Engineering Reference for this coil type. Also, use Output:Diagnostics, DisplayExtraWarnings for further guidance.
   ** Warning ** The Standard Ratings is calculated for Coil:Cooling:DX:SingleSpeed = BASESYS3 COILCLG-8 but not at the AHRI test condition due to curve out of bound.
   **   ~~~   **  Review the Standard Ratings calculations in the Engineering Reference for this coil type. Also, use Output:Diagnostics, DisplayExtraWarnings for further guidance.
   ** Warning ** The Standard Ratings is calculated for Coil:Cooling:DX:SingleSpeed = BASESYS3 COILCLG-9 but not at the AHRI test condition due to curve out of bound.
   **   ~~~   **  Review the Standard Ratings calculations in the Engineering Reference for this coil type. Also, use Output:Diagnostics, DisplayExtraWarnings for further guidance.
   ** Warning ** Check input. Pump nominal power or motor efficiency is set to 0, for pump=BASEGASSHWSYSTEM PUMP
   ** Warning ** Output:Meter:MeterFileOnly: invalid Key Name="CHILLERS:COAL" - not found.
   ** Warning ** Output:Meter:MeterFileOnly: invalid Key Name="CHILLERS:DISTRICTCOOLING" - not found.
   ** Warning ** Output:Meter:MeterFileOnly: invalid Key Name="CHILLERS:DISTRICTHEATINGWATER" - not found.
   ** Warning ** Output:Meter:MeterFileOnly: invalid Key Name="CHILLERS:ELECTRICITY" - not found.
   ** Warning ** Output:Meter:MeterFileOnly: invalid Key Name="CHILLERS:NATURALGAS" - not found.
   ** Warning ** Output:Meter:MeterFileOnly: invalid Key Name="COGENERATION:COAL" - not found.
   ** Warning ** Output:Meter:MeterFileOnly: invalid Key Name="COGENERATION:DISTRICTCOOLING" - not found.
   ** Warning ** Output:Meter:MeterFileOnly: invalid Key Name="COGENERATION:DISTRICTHEATINGWATER" - not found.
   ** Warning ** Output:Meter:MeterFileOnly: invalid Key Name="COGENERATION:ELECTRICITY" - not found.
   ** Warning ** Output:Meter:MeterFileOnly: invalid Key Name="COGENERATION:NATURALGAS" - not found.
   ** Warning ** Output:Meter:MeterFileOnly: invalid Key Name="COOLING:COAL" - not found.
   ** Warning ** Output:Meter:MeterFileOnly: invalid Key Name="COOLING:DISTRICTCOOLING" - not found.
   ** Warning ** Output:Meter:MeterFileOnly: invalid Key Name="COOLING:DISTRICTHEATINGWATER" - not found.
   ** Warning ** Output:Meter:MeterFileOnly: invalid Key Name="COOLING:NATURALGAS" - not found.
   ** Warning ** Output:Meter:MeterFileOnly: invalid Key Name="EXTERIOREQUIPMENT:COAL" - not found.
   ** Warning ** Output:Meter:MeterFileOnly: invalid Key Name="EXTERIOREQUIPMENT:DISTRICTCOOLING" - not found.
   ** Warning ** Output:Meter:MeterFileOnly: invalid Key Name="EXTERIOREQUIPMENT:DISTRICTHEATINGWATER" - not found.
   ** Warning ** Output:Meter:MeterFileOnly: invalid Key Name="EXTERIOREQUIPMENT:ELECTRICITY" - not found.
   ** Warning ** Output:Meter:MeterFileOnly: invalid Key Name="EXTERIOREQUIPMENT:NATURALGAS" - not found.
   ** Warning ** Output:Meter:MeterFileOnly: invalid Key Name="EXTERIORLIGHTS:COAL" - not found.
   ** Warning ** Output:Meter:MeterFileOnly: invalid Key Name="EXTERIORLIGHTS:DISTRICTCOOLING" - not found.
   ** Warning ** Output:Meter:MeterFileOnly: invalid Key Name="EXTERIORLIGHTS:DISTRICTHEATINGWATER" - not found.
   ** Warning ** Output:Meter:MeterFileOnly: invalid Key Name="EXTERIORLIGHTS:ELECTRICITY" - not found.
   ** Warning ** Output:Meter:MeterFileOnly: invalid Key Name="EXTERIORLIGHTS:NATURALGAS" - not found.
   ** Warning ** Output:Meter:MeterFileOnly: invalid Key Name="FANS:COAL" - not found.
   ** Warning ** Output:Meter:MeterFileOnly: invalid Key Name="FANS:DISTRICTCOOLING" - not found.
   ** Warning ** Output:Meter:MeterFileOnly: invalid Key Name="FANS:DISTRICTHEATINGWATER" - not found.
   ** Warning ** Output:Meter:MeterFileOnly: invalid Key Name="FANS:NATURALGAS" - not found.
   ** Warning ** Output:Meter:MeterFileOnly: invalid Key Name="HEATING:COAL" - not found.
   ** Warning ** Output:Meter:MeterFileOnly: invalid Key Name="HEATING:DISTRICTCOOLING" - not found.
   ** Warning ** Output:Meter:MeterFileOnly: invalid Key Name="HEATING:DISTRICTHEATINGWATER" - not found.
   ** Warning ** Output:Meter:MeterFileOnly: invalid Key Name="HEATRECOVERY:COAL" - not found.
   ** Warning ** Output:Meter:MeterFileOnly: invalid Key Name="HEATRECOVERY:DISTRICTCOOLING" - not found.
   ** Warning ** Output:Meter:MeterFileOnly: invalid Key Name="HEATRECOVERY:DISTRICTHEATINGWATER" - not found.
   ** Warning ** Output:Meter:MeterFileOnly: invalid Key Name="HEATRECOVERY:ELECTRICITY" - not found.
   ** Warning ** Output:Meter:MeterFileOnly: invalid Key Name="HEATRECOVERY:NATURALGAS" - not found.
   ** Warning ** Output:Meter:MeterFileOnly: invalid Key Name="HEATREJECTION:COAL" - not found.
   ** Warning ** Output:Meter:MeterFileOnly: invalid Key Name="HEATREJECTION:DISTRICTCOOLING" - not found.
   ** Warning ** Output:Meter:MeterFileOnly: invalid Key Name="HEATREJECTION:DISTRICTHEATINGWATER" - not found.
   ** Warning ** Output:Meter:MeterFileOnly: invalid Key Name="HEATREJECTION:ELECTRICITY" - not found.
   ** Warning ** Output:Meter:MeterFileOnly: invalid Key Name="HEATREJECTION:NATURALGAS" - not found.
   ** Warning ** Output:Meter:MeterFileOnly: invalid Key Name="HUMIDIFIER:COAL" - not found.
   ** Warning ** Output:Meter:MeterFileOnly: invalid Key Name="HUMIDIFIER:DISTRICTCOOLING" - not found.
   ** Warning ** Output:Meter:MeterFileOnly: invalid Key Name="HUMIDIFIER:DISTRICTHEATINGWATER" - not found.
   ** Warning ** Output:Meter:MeterFileOnly: invalid Key Name="HUMIDIFIER:ELECTRICITY" - not found.
   ** Warning ** Output:Meter:MeterFileOnly: invalid Key Name="HUMIDIFIER:NATURALGAS" - not found.
   ** Warning ** Output:Meter:MeterFileOnly: invalid Key Name="INTERIOREQUIPMENT:COAL" - not found.
   ** Warning ** Output:Meter:MeterFileOnly: invalid Key Name="INTERIOREQUIPMENT:DISTRICTCOOLING" - not found.
   ** Warning ** Output:Meter:MeterFileOnly: invalid Key Name="INTERIOREQUIPMENT:DISTRICTHEATINGWATER" - not found.
   ** Warning ** Output:Meter:MeterFileOnly: invalid Key Name="INTERIOREQUIPMENT:NATURALGAS" - not found.
   ** Warning ** Output:Meter:MeterFileOnly: invalid Key Name="INTERIORLIGHTS:COAL" - not found.
   ** Warning ** Output:Meter:MeterFileOnly: invalid Key Name="INTERIORLIGHTS:DISTRICTCOOLING" - not found.
   ** Warning ** Output:Meter:MeterFileOnly: invalid Key Name="INTERIORLIGHTS:DISTRICTHEATINGWATER" - not found.
   ** Warning ** Output:Meter:MeterFileOnly: invalid Key Name="INTERIORLIGHTS:NATURALGAS" - not found.
   ** Warning ** Output:Meter:MeterFileOnly: invalid Key Name="NONCOMPLIANCELTG:INTERIORLIGHTS:ELECTRICITY" - not found.
   ** Warning ** Output:Meter:MeterFileOnly: invalid Key Name="NONREG LTG:EXTERIORLIGHTS:ELECTRICITY" - not found.
   ** Warning ** Output:Meter:MeterFileOnly: invalid Key Name="PROCESS:EXTERIOREQUIPMENT:ELECTRICITY" - not found.
   ** Warning ** Output:Meter:MeterFileOnly: invalid Key Name="PROCESS:EXTERIOREQUIPMENT:NATURALGAS" - not found.
   ** Warning ** Output:Meter:MeterFileOnly: invalid Key Name="PROCESS:INTERIOREQUIPMENT:ELECTRICITY" - not found.
   ** Warning ** Output:Meter:MeterFileOnly: invalid Key Name="PROCESS:INTERIOREQUIPMENT:NATURALGAS" - not found.
   ** Warning ** Output:Meter:MeterFileOnly: invalid Key Name="PUMPS:COAL" - not found.
   ** Warning ** Output:Meter:MeterFileOnly: invalid Key Name="PUMPS:DISTRICTCOOLING" - not found.
   ** Warning ** Output:Meter:MeterFileOnly: invalid Key Name="PUMPS:DISTRICTHEATINGWATER" - not found.
   ** Warning ** Output:Meter:MeterFileOnly: invalid Key Name="PUMPS:NATURALGAS" - not found.
   ** Warning ** Output:Meter:MeterFileOnly: invalid Key Name="RECEPTACLE:EXTERIOREQUIPMENT:ELECTRICITY" - not found.
   ** Warning ** Output:Meter:MeterFileOnly: invalid Key Name="RECEPTACLE:EXTERIOREQUIPMENT:NATURALGAS" - not found.
   ** Warning ** Output:Meter:MeterFileOnly: invalid Key Name="RECEPTACLE:INTERIOREQUIPMENT:NATURALGAS" - not found.
   ** Warning ** Output:Meter:MeterFileOnly: invalid Key Name="REFRIG:EXTERIOREQUIPMENT:ELECTRICITY" - not found.
   ** Warning ** Output:Meter:MeterFileOnly: invalid Key Name="REFRIG:INTERIOREQUIPMENT:ELECTRICITY" - not found.
   ** Warning ** Output:Meter:MeterFileOnly: invalid Key Name="REFRIGERATION:COAL" - not found.
   ** Warning ** Output:Meter:MeterFileOnly: invalid Key Name="REFRIGERATION:DISTRICTCOOLING" - not found.
   ** Warning ** Output:Meter:MeterFileOnly: invalid Key Name="REFRIGERATION:DISTRICTHEATINGWATER" - not found.
   ** Warning ** Output:Meter:MeterFileOnly: invalid Key Name="REFRIGERATION:ELECTRICITY" - not found.
   ** Warning ** Output:Meter:MeterFileOnly: invalid Key Name="REFRIGERATION:NATURALGAS" - not found.
   ** Warning ** Output:Meter:MeterFileOnly: invalid Key Name="REG LTG:EXTERIORLIGHTS:ELECTRICITY" - not found.
   ** Warning ** Output:Meter:MeterFileOnly: invalid Key Name="WATERSYSTEMS:COAL" - not found.
   ** Warning ** Output:Meter:MeterFileOnly: invalid Key Name="WATERSYSTEMS:DISTRICTCOOLING" - not found.
   ** Warning ** Output:Meter:MeterFileOnly: invalid Key Name="WATERSYSTEMS:DISTRICTHEATINGWATER" - not found.
   ** Warning ** Output:Meter:MeterFileOnly: invalid Key Name="WATERSYSTEMS:ELECTRICITY" - not found.
   ** Warning ** Output:Meter:MeterFileOnly: invalid Key Name="COAL:FACILITY" - not found.
   ** Warning ** Output:Meter:MeterFileOnly: invalid Key Name="DISTRICTCOOLING:FACILITY" - not found.
   ** Warning ** Output:Meter:MeterFileOnly: invalid Key Name="DISTRICTHEATINGWATER:FACILITY" - not found.
   ************* Testing Individual Branch Integrity
   ************* All Branches passed integrity testing
   ************* Testing Individual Supply Air Path Integrity
   ************* All Supply Air Paths passed integrity testing
   ************* Testing Individual Return Air Path Integrity
   ************* All Return Air Paths passed integrity testing
   ************* No node connection errors were found.
   ************* Beginning Simulation
   ** Warning ** CalcEquipmentFlowRates: "L02-211_RESTCOMLINCD WATER USE EQUIPMENT" - Target water temperature is greater than the hot water temperature by (0.80 C)
   **   ~~~   **  Environment=USA_WA_SEATTLE-BOEING.FIELD.727935_TMY3, at Simulation time=01/01 00:00 - 00:15
   **   ~~~   ** ...target water temperature     = 48.89 C
   **   ~~~   ** ...hot water temperature        = 48.09 C
   **   ~~~   ** ...Target water temperature should be less than or equal to the hot water temperature. Verify temperature setpoints and schedules.
   ** Warning ** CalcEquipmentFlowRates: "L02-208_RESTCOMLINCD WATER USE EQUIPMENT" - Target water temperature is greater than the hot water temperature by (0.80 C)
   **   ~~~   **  Environment=USA_WA_SEATTLE-BOEING.FIELD.727935_TMY3, at Simulation time=01/01 00:00 - 00:15
   **   ~~~   ** ...target water temperature     = 48.89 C
   **   ~~~   ** ...hot water temperature        = 48.09 C
   **   ~~~   ** ...Target water temperature should be less than or equal to the hot water temperature. Verify temperature setpoints and schedules.
   ** Warning ** CalcDoe2DXCoil: Coil:Cooling:DX:SingleSpeed "BASESYS3 COILCLG-7" - Full load outlet air dry-bulb temperature < 2C. This indicates the possibility of coil frost/freeze. Outlet temperature = 1.98 C.
   **   ~~~   **  ...Occurrence info = USA_WA_SEATTLE-BOEING.FIELD.727935_TMY3, 04/17 17:10 - 17:15
   **   ~~~   ** ... Possible reasons for low outlet air dry-bulb temperatures are: This DX coil
   **   ~~~   **    1) may have a low inlet air dry-bulb temperature. Inlet air temperature = 16.872 C.
   **   ~~~   **    2) may have a low air flow rate per watt of cooling capacity. Check inputs.
   **   ~~~   **    3) is used as part of a HX assisted cooling coil which uses a high sensible effectiveness. Check inputs.
   ** Warning ** Enthalpy out of range (PsyTsatFnHPb)
   **   ~~~   **  Routine=CalcDoe2DXCoil, Environment=USA_WA_SEATTLE-BOEING.FIELD.727935_TMY3, at Simulation time=07/10 17:00 - 17:15
   **   ~~~   **  Enthalpy=-142747.44294 Pressure= 101500.00
   **   ~~~   **  Initial Resultant Temperature= -59.98
   ** Warning ** Calculated Humidity Ratio invalid (PsyWFnTdbH)
   **   ~~~   **  Routine=CalcDoe2DXCoil Environment=USA_WA_SEATTLE-BOEING.FIELD.727935_TMY3, at Simulation time=07/10 17:00 - 17:15
   **   ~~~   **  Dry-Bulb= -59.98 Enthalpy= -160611.142
   **   ~~~   ** Calculated Humidity Ratio= -4.1989E-002 ... Humidity Ratio set to .00001
   ************* Simulation Error Summary *************
   ** Warning ** The following Report Variables were requested but not generated -- check.rdd file
   **   ~~~   ** Either the IDF did not contain these elements, the variable name is misspelled,
   **   ~~~   ** or the requested variable is an advanced output which requires Output : Diagnostics, DisplayAdvancedReportVariables;
   ************* Key=*, VarName=CHILLER CONDENSER HEAT TRANSFER RATE, Frequency=Hourly
   ************* Key=*, VarName=CHILLER ELECTRICITY RATE, Frequency=Hourly
   ************* Key=*, VarName=COOLING TOWER HEAT TRANSFER RATE, Frequency=Hourly
   ************* Key=*, VarName=COOLING TOWER FAN ELECTRICITY RATE, Frequency=Hourly
   ************* Key=*, VarName=BOILER NATURALGAS RATE, Frequency=Hourly
   ************* Key=*, VarName=BOILER ANCILLARY ELECTRICITY RATE, Frequency=Hourly
   ************* Key=*, VarName=CHILLER EVAPORATOR COOLING RATE, Frequency=Hourly
   ************* Key=*, VarName=BOILER HEATING RATE, Frequency=Hourly
   ************* Key=*, VarName=CHILLER EVAPORATOR COOLING RATE, Frequency=Hourly
   ************* Key=*, VarName=COOLING TOWER HEAT TRANSFER RATE, Frequency=Hourly
   ************* Key=*, VarName=BOILER HEATING RATE, Frequency=Hourly
   ************* Key=Thermal Zone: L01-105_IstoComlUncd Propexhfan Inlet Node, VarName=SYSTEM NODE TEMPERATURE, Frequency=Hourly
   ************* Key=Thermal Zone: L01-102_OfceComlPthp Propexhfan Inlet Node, VarName=SYSTEM NODE TEMPERATURE, Frequency=Hourly
   ************* Key=Thermal Zone: L02-214_AstoComlPthp Propexhfan Inlet Node, VarName=SYSTEM NODE TEMPERATURE, Frequency=Hourly
   ************* Key=Thermal Zone: L02-209_AstoComlPthp Propexhfan Inlet Node, VarName=SYSTEM NODE TEMPERATURE, Frequency=Hourly
   ************* Key=Thermal Zone: L02-216_MprpComlPthp Propexhfan Inlet Node, VarName=SYSTEM NODE TEMPERATURE, Frequency=Hourly
   ************* Key=Thermal Zone: L02-206_MprpComlPthp Propexhfan Inlet Node, VarName=SYSTEM NODE TEMPERATURE, Frequency=Hourly
   ************* Key=Thermal Zone: L02-201_CorrComlPthp Propexhfan Inlet Node, VarName=SYSTEM NODE TEMPERATURE, Frequency=Hourly
   ************* Key=Thermal Zone: L02-218_MechComlPthp Propexhfan Inlet Node, VarName=SYSTEM NODE TEMPERATURE, Frequency=Hourly
   ************* Key=Thermal Zone: L02-202_OfceComlPthp Propexhfan Inlet Node, VarName=SYSTEM NODE TEMPERATURE, Frequency=Hourly
   ************* Key=Thermal Zone: L02-203_BrkrComlPthp Propexhfan Inlet Node, VarName=SYSTEM NODE TEMPERATURE, Frequency=Hourly
   ************* Key=Thermal Zone: L02-204_FitnComlPthp Propexhfan Inlet Node, VarName=SYSTEM NODE TEMPERATURE, Frequency=Hourly
   ************* Key=Thermal Zone: L01-105_IstoComlUncd Propexhfan Inlet Node, VarName=SYSTEM NODE STANDARD DENSITY VOLUME FLOW RATE, Frequency=Hourly
   ************* Key=Thermal Zone: L01-102_OfceComlPthp Propexhfan Inlet Node, VarName=SYSTEM NODE STANDARD DENSITY VOLUME FLOW RATE, Frequency=Hourly
   ************* Key=Thermal Zone: L02-214_AstoComlPthp Propexhfan Inlet Node, VarName=SYSTEM NODE STANDARD DENSITY VOLUME FLOW RATE, Frequency=Hourly
   ************* Key=Thermal Zone: L02-209_AstoComlPthp Propexhfan Inlet Node, VarName=SYSTEM NODE STANDARD DENSITY VOLUME FLOW RATE, Frequency=Hourly
   ************* Key=Thermal Zone: L02-216_MprpComlPthp Propexhfan Inlet Node, VarName=SYSTEM NODE STANDARD DENSITY VOLUME FLOW RATE, Frequency=Hourly
   ************* Key=Thermal Zone: L02-206_MprpComlPthp Propexhfan Inlet Node, VarName=SYSTEM NODE STANDARD DENSITY VOLUME FLOW RATE, Frequency=Hourly
   ************* Key=Thermal Zone: L02-201_CorrComlPthp Propexhfan Inlet Node, VarName=SYSTEM NODE STANDARD DENSITY VOLUME FLOW RATE, Frequency=Hourly
   ************* Key=Thermal Zone: L02-218_MechComlPthp Propexhfan Inlet Node, VarName=SYSTEM NODE STANDARD DENSITY VOLUME FLOW RATE, Frequency=Hourly
   ************* Key=Thermal Zone: L02-202_OfceComlPthp Propexhfan Inlet Node, VarName=SYSTEM NODE STANDARD DENSITY VOLUME FLOW RATE, Frequency=Hourly
   ************* Key=Thermal Zone: L02-203_BrkrComlPthp Propexhfan Inlet Node, VarName=SYSTEM NODE STANDARD DENSITY VOLUME FLOW RATE, Frequency=Hourly
   ************* Key=Thermal Zone: L02-204_FitnComlPthp Propexhfan Inlet Node, VarName=SYSTEM NODE STANDARD DENSITY VOLUME FLOW RATE, Frequency=Hourly
   ************* Key=Thermal Zone: L01-105_IstoComlUncd BaseExhfan Inlet Node, VarName=SYSTEM NODE TEMPERATURE, Frequency=Hourly
   ************* Key=Thermal Zone: L01-102_OfceComlPthp BaseExhfan Inlet Node, VarName=SYSTEM NODE TEMPERATURE, Frequency=Hourly
   ************* Key=Thermal Zone: L02-214_AstoComlPthp BaseExhfan Inlet Node, VarName=SYSTEM NODE TEMPERATURE, Frequency=Hourly
   ************* Key=Thermal Zone: L02-209_AstoComlPthp BaseExhfan Inlet Node, VarName=SYSTEM NODE TEMPERATURE, Frequency=Hourly
   ************* Key=Thermal Zone: L02-216_MprpComlPthp BaseExhfan Inlet Node, VarName=SYSTEM NODE TEMPERATURE, Frequency=Hourly
   ************* Key=Thermal Zone: L02-206_MprpComlPthp BaseExhfan Inlet Node, VarName=SYSTEM NODE TEMPERATURE, Frequency=Hourly
   ************* Key=Thermal Zone: L02-201_CorrComlPthp BaseExhfan Inlet Node, VarName=SYSTEM NODE TEMPERATURE, Frequency=Hourly
   ************* Key=Thermal Zone: L02-218_MechComlPthp BaseExhfan Inlet Node, VarName=SYSTEM NODE TEMPERATURE, Frequency=Hourly
   ************* Key=Thermal Zone: L02-202_OfceComlPthp BaseExhfan Inlet Node, VarName=SYSTEM NODE TEMPERATURE, Frequency=Hourly
   ************* Key=Thermal Zone: L02-203_BrkrComlPthp BaseExhfan Inlet Node, VarName=SYSTEM NODE TEMPERATURE, Frequency=Hourly
   ************* Key=Thermal Zone: L02-204_FitnComlPthp BaseExhfan Inlet Node, VarName=SYSTEM NODE TEMPERATURE, Frequency=Hourly
   ************* Key=Thermal Zone: L01-105_IstoComlUncd BaseExhfan Inlet Node, VarName=SYSTEM NODE STANDARD DENSITY VOLUME FLOW RATE, Frequency=Hourly
   ************* Key=Thermal Zone: L01-102_OfceComlPthp BaseExhfan Inlet Node, VarName=SYSTEM NODE STANDARD DENSITY VOLUME FLOW RATE, Frequency=Hourly
   ************* Key=Thermal Zone: L02-214_AstoComlPthp BaseExhfan Inlet Node, VarName=SYSTEM NODE STANDARD DENSITY VOLUME FLOW RATE, Frequency=Hourly
   ************* Key=Thermal Zone: L02-209_AstoComlPthp BaseExhfan Inlet Node, VarName=SYSTEM NODE STANDARD DENSITY VOLUME FLOW RATE, Frequency=Hourly
   ************* Key=Thermal Zone: L02-216_MprpComlPthp BaseExhfan Inlet Node, VarName=SYSTEM NODE STANDARD DENSITY VOLUME FLOW RATE, Frequency=Hourly
   ************* Key=Thermal Zone: L02-206_MprpComlPthp BaseExhfan Inlet Node, VarName=SYSTEM NODE STANDARD DENSITY VOLUME FLOW RATE, Frequency=Hourly
   ************* Key=Thermal Zone: L02-201_CorrComlPthp BaseExhfan Inlet Node, VarName=SYSTEM NODE STANDARD DENSITY VOLUME FLOW RATE, Frequency=Hourly
   ************* Key=Thermal Zone: L02-218_MechComlPthp BaseExhfan Inlet Node, VarName=SYSTEM NODE STANDARD DENSITY VOLUME FLOW RATE, Frequency=Hourly
   ************* Key=Thermal Zone: L02-202_OfceComlPthp BaseExhfan Inlet Node, VarName=SYSTEM NODE STANDARD DENSITY VOLUME FLOW RATE, Frequency=Hourly
   ************* Key=Thermal Zone: L02-203_BrkrComlPthp BaseExhfan Inlet Node, VarName=SYSTEM NODE STANDARD DENSITY VOLUME FLOW RATE, Frequency=Hourly
   ************* Key=Thermal Zone: L02-204_FitnComlPthp BaseExhfan Inlet Node, VarName=SYSTEM NODE STANDARD DENSITY VOLUME FLOW RATE, Frequency=Hourly
   ************* Key=Thermal Zone: L01-105_IstoComlUncd Return Air Node, VarName=SYSTEM NODE TEMPERATURE, Frequency=Hourly
   ************* Key=Thermal Zone: L01-105_IstoComlUncd Return Air Node, VarName=SYSTEM NODE STANDARD DENSITY VOLUME FLOW RATE, Frequency=Hourly
   ************* Key=*, VarName=HEATING COIL AIR HEATING RATE, Frequency=Hourly
   ************* Key=*, VarName=HEATING COIL TOTAL HEATING RATE, Frequency=Hourly
   ************* Key=*, VarName=HEATING COIL PART LOAD RATIO, Frequency=Hourly
   ************* Key=*, VarName=COOLING COIL PART LOAD RATIO, Frequency=Hourly
   ************* Key=*, VarName=EVAPORATIVE COOLER ELECTRICITY RATE, Frequency=Hourly
   ************* Key=BaseAirSys3 Demand Side (Supply Air) Inlet Node, VarName=SYSTEM NODE TEMPERATURE, Frequency=Hourly
   ************* Key=BaseAirSys3-2 Demand Side (Supply Air) Inlet Node, VarName=SYSTEM NODE TEMPERATURE, Frequency=Hourly
   ************* Key=BaseAirSys3-3 Demand Side (Supply Air) Inlet Node, VarName=SYSTEM NODE TEMPERATURE, Frequency=Hourly
   ************* Key=BaseAirSys3-4 Demand Side (Supply Air) Inlet Node, VarName=SYSTEM NODE TEMPERATURE, Frequency=Hourly
   ************* Key=BaseAirSys3-5 Demand Side (Supply Air) Inlet Node, VarName=SYSTEM NODE TEMPERATURE, Frequency=Hourly
   ************* Key=BaseAirSys3-6 Demand Side (Supply Air) Inlet Node, VarName=SYSTEM NODE TEMPERATURE, Frequency=Hourly
   ************* Key=BaseAirSys3-7 Demand Side (Supply Air) Inlet Node, VarName=SYSTEM NODE TEMPERATURE, Frequency=Hourly
   ************* Key=BaseAirSys3-8 Demand Side (Supply Air) Inlet Node, VarName=SYSTEM NODE TEMPERATURE, Frequency=Hourly
   ************* Key=BaseAirSys3-9 Demand Side (Supply Air) Inlet Node, VarName=SYSTEM NODE TEMPERATURE, Frequency=Hourly
   ************* Key=BaseAirSys3-10 Demand Side (Supply Air) Inlet Node, VarName=SYSTEM NODE TEMPERATURE, Frequency=Hourly
   ************* Key=BaseAirSys3 Supply Side (Return Air) Inlet Node, VarName=SYSTEM NODE TEMPERATURE, Frequency=Hourly
   ************* Key=BaseAirSys3-2 Supply Side (Return Air) Inlet Node, VarName=SYSTEM NODE TEMPERATURE, Frequency=Hourly
   ************* Key=BaseAirSys3-3 Supply Side (Return Air) Inlet Node, VarName=SYSTEM NODE TEMPERATURE, Frequency=Hourly
   ************* Key=BaseAirSys3-4 Supply Side (Return Air) Inlet Node, VarName=SYSTEM NODE TEMPERATURE, Frequency=Hourly
   ************* Key=BaseAirSys3-5 Supply Side (Return Air) Inlet Node, VarName=SYSTEM NODE TEMPERATURE, Frequency=Hourly
   ************* Key=BaseAirSys3-6 Supply Side (Return Air) Inlet Node, VarName=SYSTEM NODE TEMPERATURE, Frequency=Hourly
   ************* Key=BaseAirSys3-7 Supply Side (Return Air) Inlet Node, VarName=SYSTEM NODE TEMPERATURE, Frequency=Hourly
   ************* Key=BaseAirSys3-8 Supply Side (Return Air) Inlet Node, VarName=SYSTEM NODE TEMPERATURE, Frequency=Hourly
   ************* Key=BaseAirSys3-9 Supply Side (Return Air) Inlet Node, VarName=SYSTEM NODE TEMPERATURE, Frequency=Hourly
   ************* Key=BaseAirSys3-10 Supply Side (Return Air) Inlet Node, VarName=SYSTEM NODE TEMPERATURE, Frequency=Hourly
   ************* Key=BaseSys3 CoilClg Unitary Inlet Node, VarName=SYSTEM NODE TEMPERATURE, Frequency=Hourly
   ************* Key=BaseSys3 CoilClg-2 Unitary Inlet Node, VarName=SYSTEM NODE TEMPERATURE, Frequency=Hourly
   ************* Key=BaseSys3 CoilClg-3 Unitary Inlet Node, VarName=SYSTEM NODE TEMPERATURE, Frequency=Hourly
   ************* Key=BaseSys3 CoilClg-4 Unitary Inlet Node, VarName=SYSTEM NODE TEMPERATURE, Frequency=Hourly
   ************* Key=BaseSys3 CoilClg-5 Unitary Inlet Node, VarName=SYSTEM NODE TEMPERATURE, Frequency=Hourly
   ************* Key=BaseSys3 CoilClg-6 Unitary Inlet Node, VarName=SYSTEM NODE TEMPERATURE, Frequency=Hourly
   ************* Key=BaseSys3 CoilClg-7 Unitary Inlet Node, VarName=SYSTEM NODE TEMPERATURE, Frequency=Hourly
   ************* Key=BaseSys3 CoilClg-8 Unitary Inlet Node, VarName=SYSTEM NODE TEMPERATURE, Frequency=Hourly
   ************* Key=BaseSys3 CoilClg-9 Unitary Inlet Node, VarName=SYSTEM NODE TEMPERATURE, Frequency=Hourly
   ************* Key=BaseSys3 CoilClg-10 Unitary Inlet Node, VarName=SYSTEM NODE TEMPERATURE, Frequency=Hourly
   ************* Key=BaseAirSys3 Demand Side (Supply Air) Inlet Node, VarName=SYSTEM NODE STANDARD DENSITY VOLUME FLOW RATE, Frequency=Hourly
   ************* Key=BaseAirSys3-2 Demand Side (Supply Air) Inlet Node, VarName=SYSTEM NODE STANDARD DENSITY VOLUME FLOW RATE, Frequency=Hourly
   ************* Key=BaseAirSys3-3 Demand Side (Supply Air) Inlet Node, VarName=SYSTEM NODE STANDARD DENSITY VOLUME FLOW RATE, Frequency=Hourly
   ************* Key=BaseAirSys3-4 Demand Side (Supply Air) Inlet Node, VarName=SYSTEM NODE STANDARD DENSITY VOLUME FLOW RATE, Frequency=Hourly
   ************* Key=BaseAirSys3-5 Demand Side (Supply Air) Inlet Node, VarName=SYSTEM NODE STANDARD DENSITY VOLUME FLOW RATE, Frequency=Hourly
   ************* Key=BaseAirSys3-6 Demand Side (Supply Air) Inlet Node, VarName=SYSTEM NODE STANDARD DENSITY VOLUME FLOW RATE, Frequency=Hourly
   ************* Key=BaseAirSys3-7 Demand Side (Supply Air) Inlet Node, VarName=SYSTEM NODE STANDARD DENSITY VOLUME FLOW RATE, Frequency=Hourly
   ************* Key=BaseAirSys3-8 Demand Side (Supply Air) Inlet Node, VarName=SYSTEM NODE STANDARD DENSITY VOLUME FLOW RATE, Frequency=Hourly
   ************* Key=BaseAirSys3-9 Demand Side (Supply Air) Inlet Node, VarName=SYSTEM NODE STANDARD DENSITY VOLUME FLOW RATE, Frequency=Hourly
   ************* Key=BaseAirSys3-10 Demand Side (Supply Air) Inlet Node, VarName=SYSTEM NODE STANDARD DENSITY VOLUME FLOW RATE, Frequency=Hourly
   ************* Key=BaseAirSys3 Supply Side (Return Air) Inlet Node, VarName=SYSTEM NODE STANDARD DENSITY VOLUME FLOW RATE, Frequency=Hourly
   ************* Key=BaseAirSys3-2 Supply Side (Return Air) Inlet Node, VarName=SYSTEM NODE STANDARD DENSITY VOLUME FLOW RATE, Frequency=Hourly
   ************* Key=BaseAirSys3-3 Supply Side (Return Air) Inlet Node, VarName=SYSTEM NODE STANDARD DENSITY VOLUME FLOW RATE, Frequency=Hourly
   ************* Key=BaseAirSys3-4 Supply Side (Return Air) Inlet Node, VarName=SYSTEM NODE STANDARD DENSITY VOLUME FLOW RATE, Frequency=Hourly
   ************* Key=BaseAirSys3-5 Supply Side (Return Air) Inlet Node, VarName=SYSTEM NODE STANDARD DENSITY VOLUME FLOW RATE, Frequency=Hourly
   ************* Key=BaseAirSys3-6 Supply Side (Return Air) Inlet Node, VarName=SYSTEM NODE STANDARD DENSITY VOLUME FLOW RATE, Frequency=Hourly
   ************* Key=BaseAirSys3-7 Supply Side (Return Air) Inlet Node, VarName=SYSTEM NODE STANDARD DENSITY VOLUME FLOW RATE, Frequency=Hourly
   ************* Key=BaseAirSys3-8 Supply Side (Return Air) Inlet Node, VarName=SYSTEM NODE STANDARD DENSITY VOLUME FLOW RATE, Frequency=Hourly
   ************* Key=BaseAirSys3-9 Supply Side (Return Air) Inlet Node, VarName=SYSTEM NODE STANDARD DENSITY VOLUME FLOW RATE, Frequency=Hourly
   ************* Key=BaseAirSys3-10 Supply Side (Return Air) Inlet Node, VarName=SYSTEM NODE STANDARD DENSITY VOLUME FLOW RATE, Frequency=Hourly
   ************* Key=BaseSys3 CoilClg Unitary Inlet Node, VarName=SYSTEM NODE STANDARD DENSITY VOLUME FLOW RATE, Frequency=Hourly
   ************* Key=BaseSys3 CoilClg-2 Unitary Inlet Node, VarName=SYSTEM NODE STANDARD DENSITY VOLUME FLOW RATE, Frequency=Hourly
   ************* Key=BaseSys3 CoilClg-3 Unitary Inlet Node, VarName=SYSTEM NODE STANDARD DENSITY VOLUME FLOW RATE, Frequency=Hourly
   ************* Key=BaseSys3 CoilClg-4 Unitary Inlet Node, VarName=SYSTEM NODE STANDARD DENSITY VOLUME FLOW RATE, Frequency=Hourly
   ************* Key=BaseSys3 CoilClg-5 Unitary Inlet Node, VarName=SYSTEM NODE STANDARD DENSITY VOLUME FLOW RATE, Frequency=Hourly
   ************* Key=BaseSys3 CoilClg-6 Unitary Inlet Node, VarName=SYSTEM NODE STANDARD DENSITY VOLUME FLOW RATE, Frequency=Hourly
   ************* Key=BaseSys3 CoilClg-7 Unitary Inlet Node, VarName=SYSTEM NODE STANDARD DENSITY VOLUME FLOW RATE, Frequency=Hourly
   ************* Key=BaseSys3 CoilClg-8 Unitary Inlet Node, VarName=SYSTEM NODE STANDARD DENSITY VOLUME FLOW RATE, Frequency=Hourly
   ************* Key=BaseSys3 CoilClg-9 Unitary Inlet Node, VarName=SYSTEM NODE STANDARD DENSITY VOLUME FLOW RATE, Frequency=Hourly
   ************* Key=BaseSys3 CoilClg-10 Unitary Inlet Node, VarName=SYSTEM NODE STANDARD DENSITY VOLUME FLOW RATE, Frequency=Hourly
   ************* Key=*, VarName=ZONE AIR TERMINAL VAV DAMPER POSITION, Frequency=Hourly
   ************* Key=*, VarName=ZONE WATER TO AIR HEAT PUMP TOTAL HEATING RATE, Frequency=Hourly
   ************* Key=*, VarName=ZONE WATER TO AIR HEAT PUMP TOTAL COOLING RATE, Frequency=Hourly
   ************* Key=*, VarName=ZONE WATER TO AIR HEAT PUMP SENSIBLE COOLING RATE, Frequency=Hourly
   ************* Key=*, VarName=ZONE WATER TO AIR HEAT PUMP ELECTRICITY RATE, Frequency=Hourly
   ************* Key=*, VarName=ZONE WATER TO AIR HEAT PUMP COMPRESSOR PART LOAD RATIO, Frequency=Hourly
   ************* Key=*, VarName=ZONE PACKAGED TERMINAL HEAT PUMP TOTAL HEATING RATE, Frequency=Hourly
   ************* Key=*, VarName=ZONE PACKAGED TERMINAL HEAT PUMP TOTAL COOLING RATE, Frequency=Hourly
   ************* Key=*, VarName=ZONE PACKAGED TERMINAL AIR CONDITIONER TOTAL HEATING RATE, Frequency=Hourly
   ************* Key=*, VarName=ZONE PACKAGED TERMINAL AIR CONDITIONER TOTAL COOLING RATE, Frequency=Hourly
   ************* Key=*, VarName=BASEBOARD ELECTRICITY RATE, Frequency=Hourly
   ************* Key=*, VarName=BASEBOARD TOTAL HEATING RATE, Frequency=Hourly
   ************* Key=*, VarName=ZONE VRF AIR TERMINAL COOLING ELECTRICITY RATE, Frequency=Hourly
   ************* Key=*, VarName=ZONE VRF AIR TERMINAL TOTAL COOLING RATE, Frequency=Hourly
   ************* Key=*, VarName=ZONE VRF AIR TERMINAL SENSIBLE COOLING RATE, Frequency=Hourly
   ************* Key=*, VarName=ZONE VRF AIR TERMINAL LATENT COOLING RATE, Frequency=Hourly
   ************* Key=*, VarName=ZONE VRF AIR TERMINAL HEATING ELECTRICITY RATE, Frequency=Hourly
   ************* Key=*, VarName=ZONE VRF AIR TERMINAL TOTAL HEATING RATE, Frequency=Hourly
   ************* Key=*, VarName=ZONE VRF AIR TERMINAL SENSIBLE HEATING RATE, Frequency=Hourly
   ************* Key=*, VarName=ZONE VRF AIR TERMINAL LATENT HEATING RATE, Frequency=Hourly
   ************* Key=*, VarName=ZONE VRF AIR TERMINAL FAN AVAILABILITY STATUS, Frequency=Hourly
   ************* Key=*, VarName=ZONE RADIANT HVAC HEATING RATE, Frequency=Hourly
   ************* Key=*, VarName=ZONE RADIANT HVAC COOLING RATE, Frequency=Hourly
   ************* Key=*, VarName=ZONE RADIANT HVAC MASS FLOW RATE, Frequency=Hourly
   ************* Key=*, VarName=ZONE RADIANT HVAC INLET TEMPERATURE, Frequency=Hourly
   ************* Key=*, VarName=ZONE RADIANT HVAC OUTLET TEMPERATURE, Frequency=Hourly
   ************* Key=*, VarName=ZONE RADIANT HVAC ELECTRICITY RATE, Frequency=Hourly
   ************* Key=*, VarName=HEAT EXCHANGER SENSIBLE HEATING RATE, Frequency=Hourly
   ************* Key=*, VarName=HEAT EXCHANGER LATENT GAIN RATE, Frequency=Hourly
   ************* Key=*, VarName=HEAT EXCHANGER TOTAL HEATING RATE, Frequency=Hourly
   ************* Key=*, VarName=HEAT EXCHANGER SENSIBLE COOLING RATE, Frequency=Hourly
   ************* Key=*, VarName=HEAT EXCHANGER LATENT COOLING RATE, Frequency=Hourly
   ************* Key=*, VarName=HEAT EXCHANGER TOTAL COOLING RATE, Frequency=Hourly
   ************* Key=*, VarName=HEAT EXCHANGER ELECTRICITY RATE, Frequency=Hourly
   ************* Key=*, VarName=HEAT EXCHANGER SENSIBLE EFFECTIVENESS, Frequency=Hourly
   ************* Key=*, VarName=HEAT EXCHANGER LATENT EFFECTIVENESS, Frequency=Hourly
   ************* Key=*, VarName=HEAT EXCHANGER SUPPLY AIR BYPASS MASS FLOW RATE, Frequency=Hourly
   ************* Key=*, VarName=HEAT EXCHANGER EXHAUST AIR BYPASS MASS FLOW RATE, Frequency=Hourly
   ************* Key=*, VarName=HEAT EXCHANGER DEFROST TIME FRACTION, Frequency=Hourly
   ************* Key=*, VarName=FLUID HEAT EXCHANGER HEAT TRANSFER RATE, Frequency=Hourly
   ************* Key=*, VarName=FLUID HEAT EXCHANGER LOOP SUPPLY SIDE INLET TEMPERATURE, Frequency=Hourly
   ************* Key=*, VarName=FLUID HEAT EXCHANGER LOOP SUPPLY SIDE OUTLET TEMPERATURE, Frequency=Hourly
   ************* Key=*, VarName=FLUID HEAT EXCHANGER LOOP DEMAND SIDE INLET TEMPERATURE, Frequency=Hourly
   ************* Key=*, VarName=FLUID HEAT EXCHANGER LOOP DEMAND SIDE OUTLET TEMPERATURE, Frequency=Hourly
   ************* Key=*, VarName=FLUID HEAT EXCHANGER OPERATION STATUS, Frequency=Hourly
   ************* There are 6 unused schedules in input.
   ************* Use Output:Diagnostics,DisplayUnusedSchedules; to see them.
   *************
   ************* ===== Recurring Error Summary =====
   ************* The following recurring error messages occurred.
   *************
   *************  ** Warning ** "L02-211_RESTCOMLINCD WATER USE EQUIPMENT" - Target water temperature should be less than or equal to the hot water temperature error continues...
   *************  **   ~~~   **   This error occurred 851687 total times;
   *************  **   ~~~   **   during Warmup 0 times;
   *************  **   ~~~   **   during Sizing 0 times.
   *************  **   ~~~   **   Max=1.741190  Min=0.447025
   *************
   *************  ** Warning ** "L02-208_RESTCOMLINCD WATER USE EQUIPMENT" - Target water temperature should be less than or equal to the hot water temperature error continues...
   *************  **   ~~~   **   This error occurred 851687 total times;
   *************  **   ~~~   **   during Warmup 0 times;
   *************  **   ~~~   **   during Sizing 0 times.
   *************  **   ~~~   **   Max=1.741190  Min=0.447025
   *************
   *************  ** Warning ** CalcDoe2DXCoil: Coil:Cooling:DX:SingleSpeed="BASESYS3 COILCLG-7" - Full load outlet temperature indicates a possibility of frost/freeze error continues. Outlet air temperature statistics follow:
   *************  **   ~~~   **   This error occurred 56 total times;
   *************  **   ~~~   **   during Warmup 0 times;
   *************  **   ~~~   **   during Sizing 0 times.
   *************  **   ~~~   **   Max=1.993195  Min=-0.895852
   *************
   *************  ** Warning ** Enthalpy out of range (PsyTsatFnHPb)
   *************  **   ~~~   **   This error occurred 8 total times;
   *************  **   ~~~   **   during Warmup 0 times;
   *************  **   ~~~   **   during Sizing 0 times.
   *************  **   ~~~   **   Max=-142623.692217 J/kg  Min=-148819.073202 J/kg
   *************
   *************  ** Warning ** Calculated Humidity Ratio invalid (PsyWFnTdbH)
   *************  **   ~~~   **   This error occurred 96 total times;
   *************  **   ~~~   **   during Warmup 0 times;
   *************  **   ~~~   **   during Sizing 0 times.
   *************  **   ~~~   **   Max=-0.041938 []  Min=-0.044531 []
   *************
   ************* EnergyPlus Warmup Error Summary. During Warmup: 0 Warning; 0 Severe Errors.
   ************* EnergyPlus Sizing Error Summary. During Sizing: 2 Warning; 0 Severe Errors.
   ************* EnergyPlus Completed Successfully-- 1703648 Warning; 1 Severe Errors; Elapsed Time=00hr 00min 27.07sec
